Archive member included to satisfy reference by file (symbol)

/root/ARM_gcc/gcc-arm-none-eabi/bin/../lib/gcc/arm-none-eabi/10.2.1/../../../../arm-none-eabi/lib/thumb/v7-m/nofp/libc.a(lib_a-exit.o)
                              /root/ARM_gcc/gcc-arm-none-eabi/bin/../lib/gcc/arm-none-eabi/10.2.1/../../../../arm-none-eabi/lib/thumb/v7-m/nofp/crt0.o (exit)
/root/ARM_gcc/gcc-arm-none-eabi/bin/../lib/gcc/arm-none-eabi/10.2.1/../../../../arm-none-eabi/lib/thumb/v7-m/nofp/libc.a(lib_a-impure.o)
                              /root/ARM_gcc/gcc-arm-none-eabi/bin/../lib/gcc/arm-none-eabi/10.2.1/../../../../arm-none-eabi/lib/thumb/v7-m/nofp/libc.a(lib_a-exit.o) (_global_impure_ptr)
/root/ARM_gcc/gcc-arm-none-eabi/bin/../lib/gcc/arm-none-eabi/10.2.1/../../../../arm-none-eabi/lib/thumb/v7-m/nofp/libc.a(lib_a-init.o)
                              /root/ARM_gcc/gcc-arm-none-eabi/bin/../lib/gcc/arm-none-eabi/10.2.1/../../../../arm-none-eabi/lib/thumb/v7-m/nofp/crt0.o (__libc_init_array)
/root/ARM_gcc/gcc-arm-none-eabi/bin/../lib/gcc/arm-none-eabi/10.2.1/../../../../arm-none-eabi/lib/thumb/v7-m/nofp/libc.a(lib_a-malloc.o)
                              bin/USART2.o (malloc)
/root/ARM_gcc/gcc-arm-none-eabi/bin/../lib/gcc/arm-none-eabi/10.2.1/../../../../arm-none-eabi/lib/thumb/v7-m/nofp/libc.a(lib_a-mallocr.o)
                              /root/ARM_gcc/gcc-arm-none-eabi/bin/../lib/gcc/arm-none-eabi/10.2.1/../../../../arm-none-eabi/lib/thumb/v7-m/nofp/libc.a(lib_a-malloc.o) (_malloc_r)
/root/ARM_gcc/gcc-arm-none-eabi/bin/../lib/gcc/arm-none-eabi/10.2.1/../../../../arm-none-eabi/lib/thumb/v7-m/nofp/libc.a(lib_a-memset.o)
                              /root/ARM_gcc/gcc-arm-none-eabi/bin/../lib/gcc/arm-none-eabi/10.2.1/../../../../arm-none-eabi/lib/thumb/v7-m/nofp/crt0.o (memset)
/root/ARM_gcc/gcc-arm-none-eabi/bin/../lib/gcc/arm-none-eabi/10.2.1/../../../../arm-none-eabi/lib/thumb/v7-m/nofp/libc.a(lib_a-mlock.o)
                              /root/ARM_gcc/gcc-arm-none-eabi/bin/../lib/gcc/arm-none-eabi/10.2.1/../../../../arm-none-eabi/lib/thumb/v7-m/nofp/libc.a(lib_a-mallocr.o) (__malloc_lock)
/root/ARM_gcc/gcc-arm-none-eabi/bin/../lib/gcc/arm-none-eabi/10.2.1/../../../../arm-none-eabi/lib/thumb/v7-m/nofp/libc.a(lib_a-puts.o)
                              bin/PWM.o (puts)
/root/ARM_gcc/gcc-arm-none-eabi/bin/../lib/gcc/arm-none-eabi/10.2.1/../../../../arm-none-eabi/lib/thumb/v7-m/nofp/libc.a(lib_a-sbrkr.o)
                              /root/ARM_gcc/gcc-arm-none-eabi/bin/../lib/gcc/arm-none-eabi/10.2.1/../../../../arm-none-eabi/lib/thumb/v7-m/nofp/libc.a(lib_a-mallocr.o) (_sbrk_r)
/root/ARM_gcc/gcc-arm-none-eabi/bin/../lib/gcc/arm-none-eabi/10.2.1/../../../../arm-none-eabi/lib/thumb/v7-m/nofp/libc.a(lib_a-strlen-stub.o)
                              /root/ARM_gcc/gcc-arm-none-eabi/bin/../lib/gcc/arm-none-eabi/10.2.1/../../../../arm-none-eabi/lib/thumb/v7-m/nofp/libc.a(lib_a-puts.o) (strlen)
/root/ARM_gcc/gcc-arm-none-eabi/bin/../lib/gcc/arm-none-eabi/10.2.1/../../../../arm-none-eabi/lib/thumb/v7-m/nofp/libc.a(lib_a-__call_atexit.o)
                              /root/ARM_gcc/gcc-arm-none-eabi/bin/../lib/gcc/arm-none-eabi/10.2.1/../../../../arm-none-eabi/lib/thumb/v7-m/nofp/libc.a(lib_a-exit.o) (__call_exitprocs)
/root/ARM_gcc/gcc-arm-none-eabi/bin/../lib/gcc/arm-none-eabi/10.2.1/../../../../arm-none-eabi/lib/thumb/v7-m/nofp/libc.a(lib_a-atexit.o)
                              /root/ARM_gcc/gcc-arm-none-eabi/bin/../lib/gcc/arm-none-eabi/10.2.1/../../../../arm-none-eabi/lib/thumb/v7-m/nofp/libc.a(lib_a-__call_atexit.o) (atexit)
/root/ARM_gcc/gcc-arm-none-eabi/bin/../lib/gcc/arm-none-eabi/10.2.1/../../../../arm-none-eabi/lib/thumb/v7-m/nofp/libc.a(lib_a-findfp.o)
                              /root/ARM_gcc/gcc-arm-none-eabi/bin/../lib/gcc/arm-none-eabi/10.2.1/../../../../arm-none-eabi/lib/thumb/v7-m/nofp/libc.a(lib_a-puts.o) (__sinit)
/root/ARM_gcc/gcc-arm-none-eabi/bin/../lib/gcc/arm-none-eabi/10.2.1/../../../../arm-none-eabi/lib/thumb/v7-m/nofp/libc.a(lib_a-fini.o)
                              /root/ARM_gcc/gcc-arm-none-eabi/bin/../lib/gcc/arm-none-eabi/10.2.1/../../../../arm-none-eabi/lib/thumb/v7-m/nofp/libc.a(lib_a-__call_atexit.o) (__libc_fini_array)
/root/ARM_gcc/gcc-arm-none-eabi/bin/../lib/gcc/arm-none-eabi/10.2.1/../../../../arm-none-eabi/lib/thumb/v7-m/nofp/libc.a(lib_a-freer.o)
                              /root/ARM_gcc/gcc-arm-none-eabi/bin/../lib/gcc/arm-none-eabi/10.2.1/../../../../arm-none-eabi/lib/thumb/v7-m/nofp/libc.a(lib_a-malloc.o) (_free_r)
/root/ARM_gcc/gcc-arm-none-eabi/bin/../lib/gcc/arm-none-eabi/10.2.1/../../../../arm-none-eabi/lib/thumb/v7-m/nofp/libc.a(lib_a-fvwrite.o)
                              /root/ARM_gcc/gcc-arm-none-eabi/bin/../lib/gcc/arm-none-eabi/10.2.1/../../../../arm-none-eabi/lib/thumb/v7-m/nofp/libc.a(lib_a-puts.o) (__sfvwrite_r)
/root/ARM_gcc/gcc-arm-none-eabi/bin/../lib/gcc/arm-none-eabi/10.2.1/../../../../arm-none-eabi/lib/thumb/v7-m/nofp/libc.a(lib_a-fwalk.o)
[...]
Memory Configuration

Name             Origin             Length             Attributes
FLASH            0x0000000008000000 0x0000000000008000 xr
RAM              0x0000000020000000 0x0000000000002800 xrw
MEMORY_B1        0x0000000060000000 0x0000000000000000 xr
*default*        0x0000000000000000 0xffffffffffffffff

Linker script and memory map

LOAD /root/ARM_gcc/gcc-arm-none-eabi/bin/../lib/gcc/arm-none-eabi/10.2.1/thumb/v7-m/nofp/crti.o
LOAD /root/ARM_gcc/gcc-arm-none-eabi/bin/../lib/gcc/arm-none-eabi/10.2.1/thumb/v7-m/nofp/crtbegin.o
LOAD /root/ARM_gcc/gcc-arm-none-eabi/bin/../lib/gcc/arm-none-eabi/10.2.1/../../../../arm-none-eabi/lib/thumb/v7-m/nofp/crt0.o
LOAD bin/MPU_9250.o
LOAD bin/usart1.o
LOAD bin/exti.o
LOAD bin/PWM.o
LOAD bin/stm32f10x_it.o
LOAD bin/main.o
LOAD bin/GPIO.o
LOAD bin/USART2.o
LOAD bin/SYSTick.o
LOAD bin/adc.o
LOAD bin/I2C.o
LOAD bin/bsp_led_key.o
LOAD bin/stm32f10x_dma.o
LOAD bin/stm32f10x_dbgmcu.o
LOAD bin/stm32f10x_dac.o
LOAD bin/stm32f10x_can.o
LOAD bin/stm32f10x_rtc.o
LOAD bin/stm32f10x_pwr.o
LOAD bin/stm32f10x_i2c.o
LOAD bin/stm32f10x_sdio.o
LOAD bin/stm32f10x_rcc.o
LOAD bin/stm32f10x_flash.o
LOAD bin/stm32f10x_crc.o
LOAD bin/stm32f10x_usart.o
LOAD bin/stm32f10x_tim.o
LOAD bin/stm32f10x_wwdg.o
LOAD bin/stm32f10x_cec.o
LOAD bin/misc.o
LOAD bin/stm32f10x_iwdg.o
LOAD bin/stm32f10x_adc.o
LOAD bin/stm32f10x_spi.o
LOAD bin/stm32f10x_bkp.o
LOAD bin/stm32f10x_exti.o
LOAD bin/stm32f10x_fsmc.o
LOAD bin/stm32f10x_gpio.o
LOAD bin/system_stm32f10x.o
LOAD bin/startup_stm32f10x_ld.o
                0x0000000000000080                malloc_getpagesize_P = 0x80
START GROUP
LOAD /root/ARM_gcc/gcc-arm-none-eabi/bin/../lib/gcc/arm-none-eabi/10.2.1/../../../../arm-none-eabi/lib/thumb/v7-m/nofp/libc.a
LOAD /root/ARM_gcc/gcc-arm-none-eabi/bin/../lib/gcc/arm-none-eabi/10.2.1/../../../../arm-none-eabi/lib/thumb/v7-m/nofp/libm.a
END GROUP
START GROUP
LOAD /root/ARM_gcc/gcc-arm-none-eabi/bin/../lib/gcc/arm-none-eabi/10.2.1/thumb/v7-m/nofp/libgcc.a
LOAD /root/ARM_gcc/gcc-arm-none-eabi/bin/../lib/gcc/arm-none-eabi/10.2.1/../../../../arm-none-eabi/lib/thumb/v7-m/nofp/libc.a
END GROUP
START GROUP
LOAD /root/ARM_gcc/gcc-arm-none-eabi/bin/../lib/gcc/arm-none-eabi/10.2.1/thumb/v7-m/nofp/libgcc.a
LOAD /root/ARM_gcc/gcc-arm-none-eabi/bin/../lib/gcc/arm-none-eabi/10.2.1/../../../../arm-none-eabi/lib/thumb/v7-m/nofp/libc.a
LOAD /root/ARM_gcc/gcc-arm-none-eabi/bin/../lib/gcc/arm-none-eabi/10.2.1/../../../../arm-none-eabi/lib/thumb/v7-m/nofp/libnosys.a
END GROUP
LOAD /root/ARM_gcc/gcc-arm-none-eabi/bin/../lib/gcc/arm-none-eabi/10.2.1/thumb/v7-m/nofp/crtend.o
LOAD /root/ARM_gcc/gcc-arm-none-eabi/bin/../lib/gcc/arm-none-eabi/10.2.1/thumb/v7-m/nofp/crtn.o
                0x0000000020002800                _estack = 0x20002800
                0x0000000000000000                _Min_Heap_Size = 0x0
                0x0000000000000080                _Min_Stack_Size = 0x80

.isr_vector     0x0000000008000000      0x10c
                0x0000000008000000                . = ALIGN (0x4)
 *(.isr_vector)
 .isr_vector    0x0000000008000000      0x10c bin/startup_stm32f10x_ld.o
                0x0000000008000000                g_pfnVectors
                0x000000000800010c                . = ALIGN (0x4)

.eh_frame       0x000000000800010c        0x0
 .eh_frame      0x000000000800010c        0x0 /root/ARM_gcc/gcc-arm-none-eabi/bin/../lib/gcc/arm-none-eabi/10.2.1/thumb/v7-m/nofp/crtbegin.o

.text           0x000000000800010c     0x2b24
                0x000000000800010c                . = ALIGN (0x4)
 *(.text)
 .text          0x000000000800010c       0x40 /root/ARM_gcc/gcc-arm-none-eabi/bin/../lib/gcc/arm-none-eabi/10.2.1/thumb/v7-m/nofp/crtbegin.o
 .text          0x000000000800014c       0xb4 bin/stm32f10x_it.o
                0x000000000800014c                NMI_Handler
                0x0000000008000158                HardFault_Handler
                0x000000000800015e                MemManage_Handler
                0x0000000008000164                BusFault_Handler
                0x000000000800016a                UsageFault_Handler
                0x0000000008000170                SVC_Handler
                0x000000000800017c                DebugMon_Handler
                0x0000000008000188                PendSV_Handler
                0x0000000008000194                SysTick_Handler
                0x00000000080001a0                EXTI4_IRQHandler
                0x00000000080001ac                USART1_IRQHandler
                0x00000000080001c4                USART2_IRQHandler
 .text          0x0000000008000200       0x94 bin/main.o
                0x0000000008000200                main
                0x000000000800023c                delay_ms
 .text          0x0000000008000294      0x184 bin/GPIO.o
                0x0000000008000294                init_gpio_read
                0x0000000008000328                init_gpio_write
                0x00000000080003bc                set_gpio
                0x00000000080003ee                scan_gpio
 .text          0x0000000008000418      0x27c bin/USART2.o
                0x000000000800046c                USART2_Config_Buffer
                0x000000000800049c                USART2_Get_Buffer
                0x000000000800051c                USART2_Put_Buffer
                0x0000000008000580                init_usart2
                0x0000000008000634                USART2_PutChar
                0x0000000008000668                USART2_PutString
 .text          0x0000000008000694      0x138 bin/SYSTick.o
                0x00000000080006e8                SYSTick_Start
                0x0000000008000724                SYSTick_10ms_increment
                0x000000000800075c                SYSTick_CheckTime
                0x0000000008000784                delay_10ms
 .text          0x00000000080007cc      0x7dc bin/stm32f10x_rcc.o
                0x00000000080007cc                RCC_DeInit
                0x0000000008000828                RCC_HSEConfig
                0x0000000008000884                RCC_WaitForHSEStartUp
                0x00000000080008d4                RCC_AdjustHSICalibrationValue
                0x0000000008000910                RCC_HSICmd
                0x0000000008000930                RCC_PLLConfig
                0x000000000800096c                RCC_PLLCmd
                0x000000000800098c                RCC_SYSCLKConfig
                0x00000000080009c4                RCC_GetSYSCLKSource
                0x00000000080009e0                RCC_HCLKConfig
                0x0000000008000a18                RCC_PCLK1Config
                0x0000000008000a50                RCC_PCLK2Config
                0x0000000008000a88                RCC_ITConfig
                0x0000000008000ad4                RCC_USBCLKConfig
                0x0000000008000af0                RCC_ADCCLKConfig
                0x0000000008000b28                RCC_LSEConfig
                0x0000000008000b68                RCC_LSICmd
                0x0000000008000b88                RCC_RTCCLKConfig
                0x0000000008000bac                RCC_RTCCLKCmd
                0x0000000008000bcc                RCC_GetClocksFreq
                0x0000000008000d38                RCC_AHBPeriphClockCmd
                0x0000000008000d74                RCC_APB2PeriphClockCmd
                0x0000000008000db0                RCC_APB1PeriphClockCmd
                0x0000000008000dec                RCC_APB2PeriphResetCmd
                0x0000000008000e28                RCC_APB1PeriphResetCmd
                0x0000000008000e64                RCC_BackupResetCmd
                0x0000000008000e84                RCC_ClockSecuritySystemCmd
                0x0000000008000ea4                RCC_MCOConfig
                0x0000000008000ec4                RCC_GetFlagStatus
                0x0000000008000f38                RCC_ClearFlag
                0x0000000008000f54                RCC_GetITStatus
                0x0000000008000f88                RCC_ClearITPendingBit
 .text          0x0000000008000fa8      0x8dc bin/stm32f10x_usart.o
                0x0000000008000fa8                USART_DeInit
                0x0000000008001060                USART_Init
                0x00000000080011d4                USART_StructInit
                0x000000000800120c                USART_ClockInit
                0x0000000008001262                USART_ClockStructInit
                0x000000000800128c                USART_Cmd
                0x00000000080012ca                USART_ITConfig
                0x0000000008001358                USART_DMACmd
                0x000000000800139e                USART_SetAddress
                0x00000000080013d6                USART_WakeUpConfig
                0x000000000800140c                USART_ReceiverWakeUpCmd
                0x000000000800144a                USART_LINBreakDetectLengthConfig
                0x0000000008001480                USART_LINCmd
                0x00000000080014be                USART_SendData
                0x00000000080014e0                USART_ReceiveData
                0x00000000080014fe                USART_SendBreak
                0x0000000008001520                USART_SetGuardTime
                0x000000000800155a                USART_SetPrescaler
                0x0000000008001592                USART_SmartCardCmd
                0x00000000080015d0                USART_SmartCardNACKCmd
                0x000000000800160e                USART_HalfDuplexCmd
                0x000000000800164c                USART_OverSampling8Cmd
                0x000000000800168e                USART_OneBitMethodCmd
                0x00000000080016cc                USART_IrDAConfig
                0x0000000008001702                USART_IrDACmd
                0x0000000008001740                USART_GetFlagStatus
                0x0000000008001776                USART_ClearFlag
                0x0000000008001796                USART_GetITStatus
                0x000000000800184a                USART_ClearITPendingBit
 .text          0x0000000008001884      0x18c bin/misc.o
                0x0000000008001884                NVIC_PriorityGroupConfig
                0x00000000080018a8                NVIC_Init
                0x000000000800196c                NVIC_SetVectorTable
                0x0000000008001998                NVIC_SystemLPConfig
                0x00000000080019d8                SysTick_CLKSourceConfig
 .text          0x0000000008001a10      0x5d8 bin/stm32f10x_gpio.o
                0x0000000008001a10                GPIO_DeInit
                0x0000000008001af4                GPIO_AFIODeInit
                0x0000000008001b0c                GPIO_Init
                0x0000000008001c84                GPIO_StructInit
                0x0000000008001caa                GPIO_ReadInputDataBit
                0x0000000008001cdc                GPIO_ReadInputData
                0x0000000008001cf4                GPIO_ReadOutputDataBit
                0x0000000008001d26                GPIO_ReadOutputData
                0x0000000008001d3e                GPIO_SetBits
                0x0000000008001d5a                GPIO_ResetBits
                0x0000000008001d76                GPIO_WriteBit
                0x0000000008001da4                GPIO_Write
                0x0000000008001dc0                GPIO_PinLockConfig
                0x0000000008001e02                GPIO_EventOutputConfig
                0x0000000008001e4c                GPIO_EventOutputCmd
                0x0000000008001e6c                GPIO_PinRemapConfig
                0x0000000008001f4c                GPIO_EXTILineConfig
                0x0000000008001fcc                GPIO_ETH_MediaInterfaceConfig
 .text          0x0000000008001fe8      0x258 bin/system_stm32f10x.o
                0x0000000008001fe8                SystemInit
                0x0000000008002050                SystemCoreClockUpdate
 *(.text*)
 .text.Reset_Handler
                0x0000000008002240       0x48 bin/startup_stm32f10x_ld.o
                0x0000000008002240                Reset_Handler
 .text.Default_Handler
                0x0000000008002288        0x2 bin/startup_stm32f10x_ld.o
                0x0000000008002288                EXTI2_IRQHandler
                0x0000000008002288                TIM1_CC_IRQHandler
                0x0000000008002288                PVD_IRQHandler
                0x0000000008002288                EXTI3_IRQHandler
                0x0000000008002288                EXTI0_IRQHandler
                0x0000000008002288                ADC1_2_IRQHandler
                0x0000000008002288                SPI1_IRQHandler
                0x0000000008002288                TAMPER_IRQHandler
                0x0000000008002288                DMA1_Channel4_IRQHandler
                0x0000000008002288                RTC_IRQHandler
                0x0000000008002288                DMA1_Channel7_IRQHandler
                0x0000000008002288                CAN1_RX1_IRQHandler
                0x0000000008002288                I2C1_EV_IRQHandler
                0x0000000008002288                DMA1_Channel6_IRQHandler
                0x0000000008002288                TIM3_IRQHandler
                0x0000000008002288                RCC_IRQHandler
                0x0000000008002288                TIM1_TRG_COM_IRQHandler
                0x0000000008002288                DMA1_Channel1_IRQHandler
                0x0000000008002288                Default_Handler
                0x0000000008002288                EXTI15_10_IRQHandler
                0x0000000008002288                EXTI9_5_IRQHandler
                0x0000000008002288                DMA1_Channel5_IRQHandler
                0x0000000008002288                USB_LP_CAN1_RX0_IRQHandler
                0x0000000008002288                USB_HP_CAN1_TX_IRQHandler
                0x0000000008002288                DMA1_Channel3_IRQHandler
                0x0000000008002288                TIM1_UP_IRQHandler
                0x0000000008002288                WWDG_IRQHandler
                0x0000000008002288                TIM2_IRQHandler
                0x0000000008002288                TIM1_BRK_IRQHandler
                0x0000000008002288                EXTI1_IRQHandler
                0x0000000008002288                RTCAlarm_IRQHandler
                0x0000000008002288                DMA1_Channel2_IRQHandler
                0x0000000008002288                CAN1_SCE_IRQHandler
                0x0000000008002288                FLASH_IRQHandler
                0x0000000008002288                I2C1_ER_IRQHandler
                0x0000000008002288                USBWakeUp_IRQHandler
 *fill*         0x000000000800228a        0x2 
 .text.__libc_init_array
                0x000000000800228c       0x48 /root/ARM_gcc/gcc-arm-none-eabi/bin/../lib/gcc/arm-none-eabi/10.2.1/../../../../arm-none-eabi/lib/thumb/v7-m/nofp/libc.a(lib_a-init.o)
                0x000000000800228c                __libc_init_array
 .text.malloc   0x00000000080022d4       0x10 /root/ARM_gcc/gcc-arm-none-eabi/bin/../lib/gcc/arm-none-eabi/10.2.1/../../../../arm-none-eabi/lib/thumb/v7-m/nofp/libc.a(lib_a-malloc.o)
                0x00000000080022d4                malloc
 .text._malloc_r
                0x00000000080022e4      0x558 /root/ARM_gcc/gcc-arm-none-eabi/bin/../lib/gcc/arm-none-eabi/10.2.1/../../../../arm-none-eabi/lib/thumb/v7-m/nofp/libc.a(lib_a-mallocr.o)
                0x00000000080022e4                _malloc_r
 .text.__malloc_lock
                0x000000000800283c        0xc /root/ARM_gcc/gcc-arm-none-eabi/bin/../lib/gcc/arm-none-eabi/10.2.1/../../../../arm-none-eabi/lib/thumb/v7-m/nofp/libc.a(lib_a-mlock.o)
                0x000000000800283c                __malloc_lock
 .text.__malloc_unlock
                0x0000000008002848        0xc /root/ARM_gcc/gcc-arm-none-eabi/bin/../lib/gcc/arm-none-eabi/10.2.1/../../../../arm-none-eabi/lib/thumb/v7-m/nofp/libc.a(lib_a-mlock.o)
                0x0000000008002848                __malloc_unlock
 .text._sbrk_r  0x0000000008002854       0x24 /root/ARM_gcc/gcc-arm-none-eabi/bin/../lib/gcc/arm-none-eabi/10.2.1/../../../../arm-none-eabi/lib/thumb/v7-m/nofp/libc.a(lib_a-sbrkr.o)
                0x0000000008002854                _sbrk_r
 .text.startup.register_fini
                0x0000000008002878       0x14 /root/ARM_gcc/gcc-arm-none-eabi/bin/../lib/gcc/arm-none-eabi/10.2.1/../../../../arm-none-eabi/lib/thumb/v7-m/nofp/libc.a(lib_a-__call_atexit.o)
 .text.atexit   0x000000000800288c        0xc /root/ARM_gcc/gcc-arm-none-eabi/bin/../lib/gcc/arm-none-eabi/10.2.1/../../../../arm-none-eabi/lib/thumb/v7-m/nofp/libc.a(lib_a-atexit.o)
                0x000000000800288c                atexit
 .text.__libc_fini_array
                0x0000000008002898       0x2c /root/ARM_gcc/gcc-arm-none-eabi/bin/../lib/gcc/arm-none-eabi/10.2.1/../../../../arm-none-eabi/lib/thumb/v7-m/nofp/libc.a(lib_a-fini.o)
                0x0000000008002898                __libc_fini_array
 .text._malloc_trim_r
                0x00000000080028c4       0xa0 /root/ARM_gcc/gcc-arm-none-eabi/bin/../lib/gcc/arm-none-eabi/10.2.1/../../../../arm-none-eabi/lib/thumb/v7-m/nofp/libc.a(lib_a-freer.o)
                0x00000000080028c4                _malloc_trim_r
 .text._free_r  0x0000000008002964      0x200 /root/ARM_gcc/gcc-arm-none-eabi/bin/../lib/gcc/arm-none-eabi/10.2.1/../../../../arm-none-eabi/lib/thumb/v7-m/nofp/libc.a(lib_a-freer.o)
                0x0000000008002964                _free_r
 .text.__retarget_lock_acquire_recursive
                0x0000000008002b64        0x4 /root/ARM_gcc/gcc-arm-none-eabi/bin/../lib/gcc/arm-none-eabi/10.2.1/../../../../arm-none-eabi/lib/thumb/v7-m/nofp/libc.a(lib_a-lock.o)
                0x0000000008002b64                __retarget_lock_acquire_recursive
 .text.__retarget_lock_release_recursive
                0x0000000008002b68        0x4 /root/ARM_gcc/gcc-arm-none-eabi/bin/../lib/gcc/arm-none-eabi/10.2.1/../../../../arm-none-eabi/lib/thumb/v7-m/nofp/libc.a(lib_a-lock.o)
                0x0000000008002b68                __retarget_lock_release_recursive
 .text.__register_exitproc
                0x0000000008002b6c       0x8c /root/ARM_gcc/gcc-arm-none-eabi/bin/../lib/gcc/arm-none-eabi/10.2.1/../../../../arm-none-eabi/lib/thumb/v7-m/nofp/libc.a(lib_a-__atexit.o)
                0x0000000008002b6c                __register_exitproc
 .text._sbrk    0x0000000008002bf8       0x1c /root/ARM_gcc/gcc-arm-none-eabi/bin/../lib/gcc/arm-none-eabi/10.2.1/../../../../arm-none-eabi/lib/thumb/v7-m/nofp/libnosys.a(sbrk.o)
                0x0000000008002bf8                _sbrk
 *(.rodata)
 *(.rodata*)
 .rodata._global_impure_ptr
                0x0000000008002c14        0x4 /root/ARM_gcc/gcc-arm-none-eabi/bin/../lib/gcc/arm-none-eabi/10.2.1/../../../../arm-none-eabi/lib/thumb/v7-m/nofp/libc.a(lib_a-impure.o)
                0x0000000008002c14                _global_impure_ptr
 *(.glue_7)
 .glue_7        0x0000000008002c18        0x0 linker stubs
 *(.glue_7t)
 .glue_7t       0x0000000008002c18        0x0 linker stubs
 *(.init)
 .init          0x0000000008002c18        0x4 /root/ARM_gcc/gcc-arm-none-eabi/bin/../lib/gcc/arm-none-eabi/10.2.1/thumb/v7-m/nofp/crti.o
                0x0000000008002c18                _init
 .init          0x0000000008002c1c        0x8 /root/ARM_gcc/gcc-arm-none-eabi/bin/../lib/gcc/arm-none-eabi/10.2.1/thumb/v7-m/nofp/crtn.o
 *(.fini)
 .fini          0x0000000008002c24        0x4 /root/ARM_gcc/gcc-arm-none-eabi/bin/../lib/gcc/arm-none-eabi/10.2.1/thumb/v7-m/nofp/crti.o
                0x0000000008002c24                _fini
 .fini          0x0000000008002c28        0x8 /root/ARM_gcc/gcc-arm-none-eabi/bin/../lib/gcc/arm-none-eabi/10.2.1/thumb/v7-m/nofp/crtn.o
                0x0000000008002c30                . = ALIGN (0x4)
                0x0000000008002c30                _etext = .

.vfp11_veneer   0x0000000008002c30        0x0
 .vfp11_veneer  0x0000000008002c30        0x0 linker stubs

.v4_bx          0x0000000008002c30        0x0
 .v4_bx         0x0000000008002c30        0x0 linker stubs

.iplt           0x0000000008002c30        0x0
 .iplt          0x0000000008002c30        0x0 /root/ARM_gcc/gcc-arm-none-eabi/bin/../lib/gcc/arm-none-eabi/10.2.1/thumb/v7-m/nofp/crtbegin.o

.rel.dyn        0x0000000008002c30        0x0
 .rel.iplt      0x0000000008002c30        0x0 /root/ARM_gcc/gcc-arm-none-eabi/bin/../lib/gcc/arm-none-eabi/10.2.1/thumb/v7-m/nofp/crtbegin.o

.ARM.extab
 *(.ARM.extab* .gnu.linkonce.armextab.*)

.ARM            0x0000000008002c30        0x0
                0x0000000008002c30                __exidx_start = .
 *(.ARM.exidx*)
                0x0000000008002c30                __exidx_end = .

.ARM.attributes
                0x0000000008002c30       0x29
 *(.ARM.attributes)
 .ARM.attributes
                0x0000000008002c30       0x1d /root/ARM_gcc/gcc-arm-none-eabi/bin/../lib/gcc/arm-none-eabi/10.2.1/thumb/v7-m/nofp/crti.o
 .ARM.attributes
                0x0000000008002c4d       0x2d /root/ARM_gcc/gcc-arm-none-eabi/bin/../lib/gcc/arm-none-eabi/10.2.1/thumb/v7-m/nofp/crtbegin.o
 .ARM.attributes
                0x0000000008002c7a       0x2d bin/stm32f10x_it.o
 .ARM.attributes
                0x0000000008002ca7       0x2d bin/main.o
 .ARM.attributes
                0x0000000008002cd4       0x2d bin/GPIO.o
 .ARM.attributes
                0x0000000008002d01       0x2d bin/USART2.o
 .ARM.attributes
                0x0000000008002d2e       0x2d bin/SYSTick.o
 .ARM.attributes
                0x0000000008002d5b       0x2d bin/stm32f10x_rcc.o
 .ARM.attributes
                0x0000000008002d88       0x2d bin/stm32f10x_usart.o
 .ARM.attributes
                0x0000000008002db5       0x2d bin/misc.o
 .ARM.attributes
                0x0000000008002de2       0x2d bin/stm32f10x_gpio.o
 .ARM.attributes
                0x0000000008002e0f       0x2d bin/system_stm32f10x.o
 .ARM.attributes
                0x0000000008002e3c       0x21 bin/startup_stm32f10x_ld.o
 .ARM.attributes
                0x0000000008002e5d       0x2d /root/ARM_gcc/gcc-arm-none-eabi/bin/../lib/gcc/arm-none-eabi/10.2.1/../../../../arm-none-eabi/lib/thumb/v7-m/nofp/libc.a(lib_a-impure.o)
 .ARM.attributes
                0x0000000008002e8a       0x2d /root/ARM_gcc/gcc-arm-none-eabi/bin/../lib/gcc/arm-none-eabi/10.2.1/../../../../arm-none-eabi/lib/thumb/v7-m/nofp/libc.a(lib_a-init.o)
 .ARM.attributes
                0x0000000008002eb7       0x2d /root/ARM_gcc/gcc-arm-none-eabi/bin/../lib/gcc/arm-none-eabi/10.2.1/../../../../arm-none-eabi/lib/thumb/v7-m/nofp/libc.a(lib_a-malloc.o)
 .ARM.attributes
                0x0000000008002ee4       0x2d /root/ARM_gcc/gcc-arm-none-eabi/bin/../lib/gcc/arm-none-eabi/10.2.1/../../../../arm-none-eabi/lib/thumb/v7-m/nofp/libc.a(lib_a-mallocr.o)
 .ARM.attributes
                0x0000000008002f11       0x2d /root/ARM_gcc/gcc-arm-none-eabi/bin/../lib/gcc/arm-none-eabi/10.2.1/../../../../arm-none-eabi/lib/thumb/v7-m/nofp/libc.a(lib_a-mlock.o)
 .ARM.attributes
                0x0000000008002f3e       0x2d /root/ARM_gcc/gcc-arm-none-eabi/bin/../lib/gcc/arm-none-eabi/10.2.1/../../../../arm-none-eabi/lib/thumb/v7-m/nofp/libc.a(lib_a-sbrkr.o)
 .ARM.attributes
                0x0000000008002f6b       0x2d /root/ARM_gcc/gcc-arm-none-eabi/bin/../lib/gcc/arm-none-eabi/10.2.1/../../../../arm-none-eabi/lib/thumb/v7-m/nofp/libc.a(lib_a-__call_atexit.o)
 .ARM.attributes
                0x0000000008002f98       0x2d /root/ARM_gcc/gcc-arm-none-eabi/bin/../lib/gcc/arm-none-eabi/10.2.1/../../../../arm-none-eabi/lib/thumb/v7-m/nofp/libc.a(lib_a-atexit.o)
 .ARM.attributes
                0x0000000008002fc5       0x2d /root/ARM_gcc/gcc-arm-none-eabi/bin/../lib/gcc/arm-none-eabi/10.2.1/../../../../arm-none-eabi/lib/thumb/v7-m/nofp/libc.a(lib_a-fini.o)
 .ARM.attributes
                0x0000000008002ff2       0x2d /root/ARM_gcc/gcc-arm-none-eabi/bin/../lib/gcc/arm-none-eabi/10.2.1/../../../../arm-none-eabi/lib/thumb/v7-m/nofp/libc.a(lib_a-freer.o)
 .ARM.attributes
                0x000000000800301f       0x2d /root/ARM_gcc/gcc-arm-none-eabi/bin/../lib/gcc/arm-none-eabi/10.2.1/../../../../arm-none-eabi/lib/thumb/v7-m/nofp/libc.a(lib_a-lock.o)
 .ARM.attributes
                0x000000000800304c       0x2d /root/ARM_gcc/gcc-arm-none-eabi/bin/../lib/gcc/arm-none-eabi/10.2.1/../../../../arm-none-eabi/lib/thumb/v7-m/nofp/libc.a(lib_a-reent.o)
 .ARM.attributes
                0x0000000008003079       0x2d /root/ARM_gcc/gcc-arm-none-eabi/bin/../lib/gcc/arm-none-eabi/10.2.1/../../../../arm-none-eabi/lib/thumb/v7-m/nofp/libc.a(lib_a-__atexit.o)
 .ARM.attributes
                0x00000000080030a6       0x2d /root/ARM_gcc/gcc-arm-none-eabi/bin/../lib/gcc/arm-none-eabi/10.2.1/../../../../arm-none-eabi/lib/thumb/v7-m/nofp/libnosys.a(sbrk.o)
 .ARM.attributes
                0x00000000080030d3       0x1d /root/ARM_gcc/gcc-arm-none-eabi/bin/../lib/gcc/arm-none-eabi/10.2.1/thumb/v7-m/nofp/crtn.o

.preinit_array  0x0000000008002c30        0x0
                0x0000000008002c30                PROVIDE (__preinit_array_start = .)
 *(.preinit_array*)
                0x0000000008002c30                PROVIDE (__preinit_array_end = .)

.init_array     0x0000000008002c30        0x8
                0x0000000008002c30                PROVIDE (__init_array_start = .)
 *(SORT_BY_NAME(.init_array.*))
 .init_array.00000
                0x0000000008002c30        0x4 /root/ARM_gcc/gcc-arm-none-eabi/bin/../lib/gcc/arm-none-eabi/10.2.1/../../../../arm-none-eabi/lib/thumb/v7-m/nofp/libc.a(lib_a-__call_atexit.o)
 *(.init_array*)
 .init_array    0x0000000008002c34        0x4 /root/ARM_gcc/gcc-arm-none-eabi/bin/../lib/gcc/arm-none-eabi/10.2.1/thumb/v7-m/nofp/crtbegin.o
                0x0000000008002c38                PROVIDE (__init_array_end = .)

.fini_array     0x0000000008002c38        0x4
                0x0000000008002c38                PROVIDE (__fini_array_start = .)
 *(.fini_array*)
 .fini_array    0x0000000008002c38        0x4 /root/ARM_gcc/gcc-arm-none-eabi/bin/../lib/gcc/arm-none-eabi/10.2.1/thumb/v7-m/nofp/crtbegin.o
 *(SORT_BY_NAME(.fini_array.*))
                0x0000000008002c3c                PROVIDE (__fini_array_end = .)
                0x0000000008002c3c                _sidata = .

.data           0x0000000020000000      0x86c load address 0x0000000008002c3c
                0x0000000020000000                . = ALIGN (0x4)
                0x0000000020000000                _sdata = .
 *(.data)
 .data          0x0000000020000000       0x14 bin/stm32f10x_rcc.o
 .data          0x0000000020000014       0x14 bin/system_stm32f10x.o
                0x0000000020000014                SystemCoreClock
                0x0000000020000018                AHBPrescTable
 *(.data*)
 .data._impure_ptr
                0x0000000020000028        0x4 /root/ARM_gcc/gcc-arm-none-eabi/bin/../lib/gcc/arm-none-eabi/10.2.1/../../../../arm-none-eabi/lib/thumb/v7-m/nofp/libc.a(lib_a-impure.o)
                0x0000000020000028                _impure_ptr
 *fill*         0x000000002000002c        0x4 
 .data.impure_data
                0x0000000020000030      0x428 /root/ARM_gcc/gcc-arm-none-eabi/bin/../lib/gcc/arm-none-eabi/10.2.1/../../../../arm-none-eabi/lib/thumb/v7-m/nofp/libc.a(lib_a-impure.o)
 .data.__malloc_av_
                0x0000000020000458      0x408 /root/ARM_gcc/gcc-arm-none-eabi/bin/../lib/gcc/arm-none-eabi/10.2.1/../../../../arm-none-eabi/lib/thumb/v7-m/nofp/libc.a(lib_a-mallocr.o)
                0x0000000020000458                __malloc_av_
 .data.__malloc_sbrk_base
                0x0000000020000860        0x4 /root/ARM_gcc/gcc-arm-none-eabi/bin/../lib/gcc/arm-none-eabi/10.2.1/../../../../arm-none-eabi/lib/thumb/v7-m/nofp/libc.a(lib_a-mallocr.o)
                0x0000000020000860                __malloc_sbrk_base
 .data.__malloc_trim_threshold
                0x0000000020000864        0x4 /root/ARM_gcc/gcc-arm-none-eabi/bin/../lib/gcc/arm-none-eabi/10.2.1/../../../../arm-none-eabi/lib/thumb/v7-m/nofp/libc.a(lib_a-mallocr.o)
                0x0000000020000864                __malloc_trim_threshold
 .data.__atexit_recursive_mutex
                0x0000000020000868        0x4 /root/ARM_gcc/gcc-arm-none-eabi/bin/../lib/gcc/arm-none-eabi/10.2.1/../../../../arm-none-eabi/lib/thumb/v7-m/nofp/libc.a(lib_a-__call_atexit.o)
                0x0000000020000868                __atexit_recursive_mutex
                0x000000002000086c                . = ALIGN (0x4)
                0x000000002000086c                _edata = .

.igot.plt       0x000000002000086c        0x0 load address 0x00000000080034a8
 .igot.plt      0x000000002000086c        0x0 /root/ARM_gcc/gcc-arm-none-eabi/bin/../lib/gcc/arm-none-eabi/10.2.1/thumb/v7-m/nofp/crtbegin.o
                0x000000002000086c                . = ALIGN (0x4)

.bss            0x000000002000086c       0x78 load address 0x00000000080034a8
                0x000000002000086c                _sbss = .
                0x000000002000086c                __bss_start__ = _sbss
 *(.bss)
 .bss           0x000000002000086c       0x1c /root/ARM_gcc/gcc-arm-none-eabi/bin/../lib/gcc/arm-none-eabi/10.2.1/thumb/v7-m/nofp/crtbegin.o
 .bss           0x0000000020000888        0x4 bin/GPIO.o
                0x0000000020000888                GPIO_InitStruct
 .bss           0x000000002000088c       0x10 bin/USART2.o
                0x000000002000088c                USART2_Buff
                0x0000000020000890                Buff_Put_Index
                0x0000000020000894                Buff_Get_Index
                0x0000000020000898                Buff_Size
 .bss           0x000000002000089c        0x4 bin/SYSTick.o
                0x000000002000089c                SYSTick_Time
 *(.bss*)
 .bss.__malloc_current_mallinfo
                0x00000000200008a0       0x28 /root/ARM_gcc/gcc-arm-none-eabi/bin/../lib/gcc/arm-none-eabi/10.2.1/../../../../arm-none-eabi/lib/thumb/v7-m/nofp/libc.a(lib_a-mallocr.o)
                0x00000000200008a0                __malloc_current_mallinfo
 .bss.__malloc_max_sbrked_mem
                0x00000000200008c8        0x4 /root/ARM_gcc/gcc-arm-none-eabi/bin/../lib/gcc/arm-none-eabi/10.2.1/../../../../arm-none-eabi/lib/thumb/v7-m/nofp/libc.a(lib_a-mallocr.o)
                0x00000000200008c8                __malloc_max_sbrked_mem
 .bss.__malloc_max_total_mem
                0x00000000200008cc        0x4 /root/ARM_gcc/gcc-arm-none-eabi/bin/../lib/gcc/arm-none-eabi/10.2.1/../../../../arm-none-eabi/lib/thumb/v7-m/nofp/libc.a(lib_a-mallocr.o)
                0x00000000200008cc                __malloc_max_total_mem
 .bss.__malloc_top_pad
                0x00000000200008d0        0x4 /root/ARM_gcc/gcc-arm-none-eabi/bin/../lib/gcc/arm-none-eabi/10.2.1/../../../../arm-none-eabi/lib/thumb/v7-m/nofp/libc.a(lib_a-mallocr.o)
                0x00000000200008d0                __malloc_top_pad
 .bss.__lock___atexit_recursive_mutex
                0x00000000200008d4        0x1 /root/ARM_gcc/gcc-arm-none-eabi/bin/../lib/gcc/arm-none-eabi/10.2.1/../../../../arm-none-eabi/lib/thumb/v7-m/nofp/libc.a(lib_a-lock.o)
                0x00000000200008d4                __lock___atexit_recursive_mutex
 *fill*         0x00000000200008d5        0x3 
 .bss.__lock___malloc_recursive_mutex
                0x00000000200008d8        0x1 /root/ARM_gcc/gcc-arm-none-eabi/bin/../lib/gcc/arm-none-eabi/10.2.1/../../../../arm-none-eabi/lib/thumb/v7-m/nofp/libc.a(lib_a-lock.o)
                0x00000000200008d8                __lock___malloc_recursive_mutex
 *fill*         0x00000000200008d9        0x3 
 .bss.errno     0x00000000200008dc        0x4 /root/ARM_gcc/gcc-arm-none-eabi/bin/../lib/gcc/arm-none-eabi/10.2.1/../../../../arm-none-eabi/lib/thumb/v7-m/nofp/libc.a(lib_a-reent.o)
                0x00000000200008dc                errno
 .bss.heap_end.0
                0x00000000200008e0        0x4 /root/ARM_gcc/gcc-arm-none-eabi/bin/../lib/gcc/arm-none-eabi/10.2.1/../../../../arm-none-eabi/lib/thumb/v7-m/nofp/libnosys.a(sbrk.o)
 *(COMMON)
                0x00000000200008e4                . = ALIGN (0x4)
                0x00000000200008e4                _ebss = .
                0x00000000200008e4                __bss_end__ = _ebss
                0x00000000200008e4                PROVIDE (end = _ebss)
                [!provide]                        PROVIDE (_end = _ebss)

._user_heap_stack
                0x00000000200008e4       0x80 load address 0x0000000008003520
                0x00000000200008e4                . = ALIGN (0x4)
                0x00000000200008e4                . = (. + _Min_Heap_Size)
                0x0000000020000964                . = (. + _Min_Stack_Size)
 *fill*         0x00000000200008e4       0x80 
                0x0000000020000964                . = ALIGN (0x4)

.memory_b1_text
 *(.mb1text)
 *(.mb1text*)
 *(.mb1rodata)
 *(.mb1rodata*)

/DISCARD/
 libc.a(*)
 libm.a(*)
 libgcc.a(*)
OUTPUT(bin/STM_Library.elf elf32-littlearm)
LOAD linker stubs
LOAD /root/ARM_gcc/gcc-arm-none-eabi/bin/../lib/gcc/arm-none-eabi/10.2.1/../../../../arm-none-eabi/lib/thumb/v7-m/nofp/libc.a
LOAD /root/ARM_gcc/gcc-arm-none-eabi/bin/../lib/gcc/arm-none-eabi/10.2.1/../../../../arm-none-eabi/lib/thumb/v7-m/nofp/libm.a
LOAD /root/ARM_gcc/gcc-arm-none-eabi/bin/../lib/gcc/arm-none-eabi/10.2.1/thumb/v7-m/nofp/libgcc.a

.debug_info     0x0000000000000000     0x3a97
 .debug_info    0x0000000000000000      0x299 bin/stm32f10x_it.o
 .debug_info    0x0000000000000299      0x1e3 bin/main.o
 .debug_info    0x000000000000047c      0x31d bin/GPIO.o
 .debug_info    0x0000000000000799      0x8fd bin/USART2.o
 .debug_info    0x0000000000001096      0x5e2 bin/SYSTick.o
 .debug_info    0x0000000000001678      0x8f3 bin/stm32f10x_rcc.o
 .debug_info    0x0000000000001f6b      0xa5b bin/stm32f10x_usart.o
 .debug_info    0x00000000000029c6      0x50c bin/misc.o
 .debug_info    0x0000000000002ed2      0x72e bin/stm32f10x_gpio.o
 .debug_info    0x0000000000003600      0x475 bin/system_stm32f10x.o
 .debug_info    0x0000000000003a75       0x22 bin/startup_stm32f10x_ld.o

.debug_abbrev   0x0000000000000000     0x1035
 .debug_abbrev  0x0000000000000000      0x10f bin/stm32f10x_it.o
 .debug_abbrev  0x000000000000010f       0xf0 bin/main.o
 .debug_abbrev  0x00000000000001ff      0x172 bin/GPIO.o
 .debug_abbrev  0x0000000000000371      0x230 bin/USART2.o
 .debug_abbrev  0x00000000000005a1      0x206 bin/SYSTick.o
 .debug_abbrev  0x00000000000007a7      0x1d3 bin/stm32f10x_rcc.o
 .debug_abbrev  0x000000000000097a      0x191 bin/stm32f10x_usart.o
 .debug_abbrev  0x0000000000000b0b      0x181 bin/misc.o
 .debug_abbrev  0x0000000000000c8c      0x1e9 bin/stm32f10x_gpio.o
 .debug_abbrev  0x0000000000000e75      0x1ae bin/system_stm32f10x.o
 .debug_abbrev  0x0000000000001023       0x12 bin/startup_stm32f10x_ld.o

.debug_aranges  0x0000000000000000      0x168
 .debug_aranges
                0x0000000000000000       0x20 bin/stm32f10x_it.o
 .debug_aranges
                0x0000000000000020       0x20 bin/main.o
 .debug_aranges
                0x0000000000000040       0x20 bin/GPIO.o
 .debug_aranges
                0x0000000000000060       0x20 bin/USART2.o
 .debug_aranges
                0x0000000000000080       0x20 bin/SYSTick.o
 .debug_aranges
                0x00000000000000a0       0x20 bin/stm32f10x_rcc.o
 .debug_aranges
                0x00000000000000c0       0x20 bin/stm32f10x_usart.o
 .debug_aranges
                0x00000000000000e0       0x20 bin/misc.o
 .debug_aranges
                0x0000000000000100       0x20 bin/stm32f10x_gpio.o
 .debug_aranges
                0x0000000000000120       0x20 bin/system_stm32f10x.o
 .debug_aranges
                0x0000000000000140       0x28 bin/startup_stm32f10x_ld.o

.debug_line     0x0000000000000000     0x1ad2
 .debug_line    0x0000000000000000      0x157 bin/stm32f10x_it.o
 .debug_line    0x0000000000000157      0x174 bin/main.o
 .debug_line    0x00000000000002cb      0x1c2 bin/GPIO.o
 .debug_line    0x000000000000048d      0x247 bin/USART2.o
 .debug_line    0x00000000000006d4      0x1d4 bin/SYSTick.o
 .debug_line    0x00000000000008a8      0x4c7 bin/stm32f10x_rcc.o
 .debug_line    0x0000000000000d6f      0x49f bin/stm32f10x_usart.o
 .debug_line    0x000000000000120e      0x1dc bin/misc.o
 .debug_line    0x00000000000013ea      0x3fa bin/stm32f10x_gpio.o
 .debug_line    0x00000000000017e4      0x273 bin/system_stm32f10x.o
 .debug_line    0x0000000000001a57       0x7b bin/startup_stm32f10x_ld.o

.debug_str      0x0000000000000000     0x14ea
 .debug_str     0x0000000000000000      0x21a bin/stm32f10x_it.o
                                        0x26b (size before relaxing)
 .debug_str     0x000000000000021a       0x52 bin/main.o
                                        0x186 (size before relaxing)
 .debug_str     0x000000000000026c      0x198 bin/GPIO.o
                                        0x2da (size before relaxing)
 .debug_str     0x0000000000000404      0x4e5 bin/USART2.o
                                        0x7ce (size before relaxing)
 .debug_str     0x00000000000008e9       0x90 bin/SYSTick.o
                                        0x558 (size before relaxing)
 .debug_str     0x0000000000000979      0x446 bin/stm32f10x_rcc.o
                                        0x5cf (size before relaxing)
 .debug_str     0x0000000000000dbf      0x372 bin/stm32f10x_usart.o
                                        0x645 (size before relaxing)
 .debug_str     0x0000000000001131       0xd5 bin/misc.o
                                        0x36d (size before relaxing)
 .debug_str     0x0000000000001206      0x229 bin/stm32f10x_gpio.o
                                        0x4ce (size before relaxing)
 .debug_str     0x000000000000142f       0x8e bin/system_stm32f10x.o
                                        0x294 (size before relaxing)
 .debug_str     0x00000000000014bd       0x2d bin/startup_stm32f10x_ld.o
                                         0x47 (size before relaxing)

.comment        0x0000000000000000       0x4d
 .comment       0x0000000000000000       0x4d bin/stm32f10x_it.o
                                         0x4e (size before relaxing)
 .comment       0x000000000000004d       0x4e bin/main.o
 .comment       0x000000000000004d       0x4e bin/GPIO.o
 .comment       0x000000000000004d       0x4e bin/USART2.o
 .comment       0x000000000000004d       0x4e bin/SYSTick.o
 .comment       0x000000000000004d       0x4e bin/stm32f10x_rcc.o
 .comment       0x000000000000004d       0x4e bin/stm32f10x_usart.o
 .comment       0x000000000000004d       0x4e bin/misc.o
 .comment       0x000000000000004d       0x4e bin/stm32f10x_gpio.o
 .comment       0x000000000000004d       0x4e bin/system_stm32f10x.o

.debug_frame    0x0000000000000000     0x15a4
 .debug_frame   0x0000000000000000      0x16c bin/stm32f10x_it.o
 .debug_frame   0x000000000000016c       0x54 bin/main.o
 .debug_frame   0x00000000000001c0       0xa0 bin/GPIO.o
 .debug_frame   0x0000000000000260      0x118 bin/USART2.o
 .debug_frame   0x0000000000000378       0xc0 bin/SYSTick.o
 .debug_frame   0x0000000000000438      0x4f4 bin/stm32f10x_rcc.o
 .debug_frame   0x000000000000092c      0x490 bin/stm32f10x_usart.o
 .debug_frame   0x0000000000000dbc       0xd8 bin/misc.o
 .debug_frame   0x0000000000000e94      0x2d0 bin/stm32f10x_gpio.o
 .debug_frame   0x0000000000001164       0x98 bin/system_stm32f10x.o
 .debug_frame   0x00000000000011fc       0x2c /root/ARM_gcc/gcc-arm-none-eabi/bin/../lib/gcc/arm-none-eabi/10.2.1/../../../../arm-none-eabi/lib/thumb/v7-m/nofp/libc.a(lib_a-init.o)
 .debug_frame   0x0000000000001228       0x30 /root/ARM_gcc/gcc-arm-none-eabi/bin/../lib/gcc/arm-none-eabi/10.2.1/../../../../arm-none-eabi/lib/thumb/v7-m/nofp/libc.a(lib_a-malloc.o)
 .debug_frame   0x0000000000001258       0x4c /root/ARM_gcc/gcc-arm-none-eabi/bin/../lib/gcc/arm-none-eabi/10.2.1/../../../../arm-none-eabi/lib/thumb/v7-m/nofp/libc.a(lib_a-mallocr.o)
 .debug_frame   0x00000000000012a4       0x30 /root/ARM_gcc/gcc-arm-none-eabi/bin/../lib/gcc/arm-none-eabi/10.2.1/../../../../arm-none-eabi/lib/thumb/v7-m/nofp/libc.a(lib_a-mlock.o)
 .debug_frame   0x00000000000012d4       0x2c /root/ARM_gcc/gcc-arm-none-eabi/bin/../lib/gcc/arm-none-eabi/10.2.1/../../../../arm-none-eabi/lib/thumb/v7-m/nofp/libc.a(lib_a-sbrkr.o)
 .debug_frame   0x0000000000001300       0x5c /root/ARM_gcc/gcc-arm-none-eabi/bin/../lib/gcc/arm-none-eabi/10.2.1/../../../../arm-none-eabi/lib/thumb/v7-m/nofp/libc.a(lib_a-__call_atexit.o)
 .debug_frame   0x000000000000135c       0x20 /root/ARM_gcc/gcc-arm-none-eabi/bin/../lib/gcc/arm-none-eabi/10.2.1/../../../../arm-none-eabi/lib/thumb/v7-m/nofp/libc.a(lib_a-atexit.o)
 .debug_frame   0x000000000000137c       0x34 /root/ARM_gcc/gcc-arm-none-eabi/bin/../lib/gcc/arm-none-eabi/10.2.1/../../../../arm-none-eabi/lib/thumb/v7-m/nofp/libc.a(lib_a-fini.o)
 .debug_frame   0x00000000000013b0       0x8c /root/ARM_gcc/gcc-arm-none-eabi/bin/../lib/gcc/arm-none-eabi/10.2.1/../../../../arm-none-eabi/lib/thumb/v7-m/nofp/libc.a(lib_a-freer.o)
 .debug_frame   0x000000000000143c       0xb0 /root/ARM_gcc/gcc-arm-none-eabi/bin/../lib/gcc/arm-none-eabi/10.2.1/../../../../arm-none-eabi/lib/thumb/v7-m/nofp/libc.a(lib_a-lock.o)
 .debug_frame   0x00000000000014ec       0x64 /root/ARM_gcc/gcc-arm-none-eabi/bin/../lib/gcc/arm-none-eabi/10.2.1/../../../../arm-none-eabi/lib/thumb/v7-m/nofp/libc.a(lib_a-reent.o)
 .debug_frame   0x0000000000001550       0x34 /root/ARM_gcc/gcc-arm-none-eabi/bin/../lib/gcc/arm-none-eabi/10.2.1/../../../../arm-none-eabi/lib/thumb/v7-m/nofp/libc.a(lib_a-__atexit.o)
 .debug_frame   0x0000000000001584       0x20 /root/ARM_gcc/gcc-arm-none-eabi/bin/../lib/gcc/arm-none-eabi/10.2.1/../../../../arm-none-eabi/lib/thumb/v7-m/nofp/libnosys.a(sbrk.o)

.debug_ranges   0x0000000000000000       0x20
 .debug_ranges  0x0000000000000000       0x20 bin/startup_stm32f10x_ld.o

.stabstr        0x0000000000000000      0x14d
 .stabstr       0x0000000000000000      0x14d /root/ARM_gcc/gcc-arm-none-eabi/bin/../lib/gcc/arm-none-eabi/10.2.1/../../../../arm-none-eabi/lib/thumb/v7-m/nofp/libnosys.a(close.o)

Cross Reference Table

Symbol                                            File
ADC1_2_IRQHandler                                 bin/startup_stm32f10x_ld.o
ADC1_Init                                         bin/adc.o
ADC_AnalogWatchdogCmd                             bin/stm32f10x_adc.o
ADC_AnalogWatchdogSingleChannelConfig             bin/stm32f10x_adc.o
ADC_AnalogWatchdogThresholdsConfig                bin/stm32f10x_adc.o
ADC_AutoInjectedConvCmd                           bin/stm32f10x_adc.o
ADC_ClearFlag                                     bin/stm32f10x_adc.o
ADC_ClearITPendingBit                             bin/stm32f10x_adc.o
ADC_Cmd                                           bin/stm32f10x_adc.o
                                                  bin/adc.o
ADC_ConvertedValue                                bin/adc.o
ADC_DMACmd                                        bin/stm32f10x_adc.o
                                                  bin/adc.o
ADC_DeInit                                        bin/stm32f10x_adc.o
ADC_DiscModeChannelCountConfig                    bin/stm32f10x_adc.o
ADC_DiscModeCmd                                   bin/stm32f10x_adc.o
ADC_ExternalTrigConvCmd                           bin/stm32f10x_adc.o
ADC_ExternalTrigInjectedConvCmd                   bin/stm32f10x_adc.o
ADC_ExternalTrigInjectedConvConfig                bin/stm32f10x_adc.o
ADC_GetCalibrationStatus                          bin/stm32f10x_adc.o
                                                  bin/adc.o
ADC_GetConversionValue                            bin/stm32f10x_adc.o
ADC_GetDualModeConversionValue                    bin/stm32f10x_adc.o
ADC_GetFlagStatus                                 bin/stm32f10x_adc.o
ADC_GetITStatus                                   bin/stm32f10x_adc.o
ADC_GetInjectedConversionValue                    bin/stm32f10x_adc.o
ADC_GetResetCalibrationStatus                     bin/stm32f10x_adc.o
ADC_GetSoftwareStartConvStatus                    bin/stm32f10x_adc.o
ADC_GetSoftwareStartInjectedConvCmdStatus         bin/stm32f10x_adc.o
ADC_ITConfig                                      bin/stm32f10x_adc.o
ADC_Init                                          bin/stm32f10x_adc.o
                                                  bin/adc.o
ADC_InjectedChannelConfig                         bin/stm32f10x_adc.o
ADC_InjectedDiscModeCmd                           bin/stm32f10x_adc.o
ADC_InjectedSequencerLengthConfig                 bin/stm32f10x_adc.o
ADC_RegularChannelConfig                          bin/stm32f10x_adc.o
                                                  bin/adc.o
ADC_ResetCalibration                              bin/stm32f10x_adc.o
                                                  bin/adc.o
ADC_SetInjectedOffset                             bin/stm32f10x_adc.o
ADC_SoftwareStartConvCmd                          bin/stm32f10x_adc.o
                                                  bin/adc.o
ADC_SoftwareStartInjectedConvCmd                  bin/stm32f10x_adc.o
ADC_StartCalibration                              bin/stm32f10x_adc.o
                                                  bin/adc.o
ADC_StructInit                                    bin/stm32f10x_adc.o
ADC_TempSensorVrefintCmd                          bin/stm32f10x_adc.o
AHBPrescTable                                     bin/system_stm32f10x.o
BKP_ClearFlag                                     bin/stm32f10x_bkp.o
BKP_ClearITPendingBit                             bin/stm32f10x_bkp.o
BKP_DeInit                                        bin/stm32f10x_bkp.o
BKP_GetFlagStatus                                 bin/stm32f10x_bkp.o
BKP_GetITStatus                                   bin/stm32f10x_bkp.o
BKP_ITConfig                                      bin/stm32f10x_bkp.o
BKP_RTCOutputConfig                               bin/stm32f10x_bkp.o
BKP_ReadBackupRegister                            bin/stm32f10x_bkp.o
BKP_SetRTCCalibrationValue                        bin/stm32f10x_bkp.o
BKP_TamperPinCmd                                  bin/stm32f10x_bkp.o
BKP_TamperPinLevelConfig                          bin/stm32f10x_bkp.o
BKP_WriteBackupRegister                           bin/stm32f10x_bkp.o
Buff_Get_Index                                    bin/USART2.o
Buff_Put_Index                                    bin/USART2.o
Buff_Size                                         bin/USART2.o
BusFault_Handler                                  bin/stm32f10x_it.o
CAN1_RX1_IRQHandler                               bin/startup_stm32f10x_ld.o
CAN1_SCE_IRQHandler                               bin/startup_stm32f10x_ld.o
CAN_CancelTransmit                                bin/stm32f10x_can.o
CAN_ClearFlag                                     bin/stm32f10x_can.o
CAN_ClearITPendingBit                             bin/stm32f10x_can.o
CAN_DBGFreeze                                     bin/stm32f10x_can.o
CAN_DeInit                                        bin/stm32f10x_can.o
CAN_FIFORelease                                   bin/stm32f10x_can.o
CAN_FilterInit                                    bin/stm32f10x_can.o
CAN_GetFlagStatus                                 bin/stm32f10x_can.o
CAN_GetITStatus                                   bin/stm32f10x_can.o
CAN_GetLSBTransmitErrorCounter                    bin/stm32f10x_can.o
CAN_GetLastErrorCode                              bin/stm32f10x_can.o
CAN_GetReceiveErrorCounter                        bin/stm32f10x_can.o
CAN_ITConfig                                      bin/stm32f10x_can.o
CAN_Init                                          bin/stm32f10x_can.o
CAN_MessagePending                                bin/stm32f10x_can.o
CAN_OperatingModeRequest                          bin/stm32f10x_can.o
CAN_Receive                                       bin/stm32f10x_can.o
CAN_SlaveStartBank                                bin/stm32f10x_can.o
CAN_Sleep                                         bin/stm32f10x_can.o
CAN_StructInit                                    bin/stm32f10x_can.o
CAN_TTComModeCmd                                  bin/stm32f10x_can.o
CAN_Transmit                                      bin/stm32f10x_can.o
CAN_TransmitStatus                                bin/stm32f10x_can.o
CAN_WakeUp                                        bin/stm32f10x_can.o
CEC_ClearFlag                                     bin/stm32f10x_cec.o
CEC_ClearITPendingBit                             bin/stm32f10x_cec.o
CEC_Cmd                                           bin/stm32f10x_cec.o
CEC_DeInit                                        bin/stm32f10x_cec.o
CEC_EndOfMessageCmd                               bin/stm32f10x_cec.o
CEC_GetFlagStatus                                 bin/stm32f10x_cec.o
CEC_GetITStatus                                   bin/stm32f10x_cec.o
CEC_ITConfig                                      bin/stm32f10x_cec.o
CEC_Init                                          bin/stm32f10x_cec.o
CEC_OwnAddressConfig                              bin/stm32f10x_cec.o
CEC_ReceiveDataByte                               bin/stm32f10x_cec.o
CEC_SendDataByte                                  bin/stm32f10x_cec.o
CEC_SetPrescaler                                  bin/stm32f10x_cec.o
CEC_StartOfMessage                                bin/stm32f10x_cec.o
CRC_CalcBlockCRC                                  bin/stm32f10x_crc.o
CRC_CalcCRC                                       bin/stm32f10x_crc.o
CRC_GetCRC                                        bin/stm32f10x_crc.o
CRC_GetIDRegister                                 bin/stm32f10x_crc.o
CRC_ResetDR                                       bin/stm32f10x_crc.o
CRC_SetIDRegister                                 bin/stm32f10x_crc.o
DAC_Cmd                                           bin/stm32f10x_dac.o
DAC_DMACmd                                        bin/stm32f10x_dac.o
DAC_DeInit                                        bin/stm32f10x_dac.o
DAC_DualSoftwareTriggerCmd                        bin/stm32f10x_dac.o
DAC_GetDataOutputValue                            bin/stm32f10x_dac.o
DAC_Init                                          bin/stm32f10x_dac.o
DAC_SetChannel1Data                               bin/stm32f10x_dac.o
DAC_SetChannel2Data                               bin/stm32f10x_dac.o
DAC_SetDualChannelData                            bin/stm32f10x_dac.o
DAC_SoftwareTriggerCmd                            bin/stm32f10x_dac.o
DAC_StructInit                                    bin/stm32f10x_dac.o
DAC_WaveGenerationCmd                             bin/stm32f10x_dac.o
DBGMCU_Config                                     bin/stm32f10x_dbgmcu.o
DBGMCU_GetDEVID                                   bin/stm32f10x_dbgmcu.o
DBGMCU_GetREVID                                   bin/stm32f10x_dbgmcu.o
DMA1_Channel1_IRQHandler                          bin/startup_stm32f10x_ld.o
DMA1_Channel2_IRQHandler                          bin/startup_stm32f10x_ld.o
DMA1_Channel3_IRQHandler                          bin/startup_stm32f10x_ld.o
DMA1_Channel4_IRQHandler                          bin/startup_stm32f10x_ld.o
DMA1_Channel5_IRQHandler                          bin/startup_stm32f10x_ld.o
DMA1_Channel6_IRQHandler                          bin/startup_stm32f10x_ld.o
DMA1_Channel7_IRQHandler                          bin/startup_stm32f10x_ld.o
DMA_ClearFlag                                     bin/stm32f10x_dma.o
DMA_ClearITPendingBit                             bin/stm32f10x_dma.o
DMA_Cmd                                           bin/stm32f10x_dma.o
                                                  bin/adc.o
                                                  bin/usart1.o
DMA_DeInit                                        bin/stm32f10x_dma.o
                                                  bin/adc.o
DMA_GetCurrDataCounter                            bin/stm32f10x_dma.o
DMA_GetFlagStatus                                 bin/stm32f10x_dma.o
DMA_GetITStatus                                   bin/stm32f10x_dma.o
DMA_ITConfig                                      bin/stm32f10x_dma.o
DMA_Init                                          bin/stm32f10x_dma.o
                                                  bin/adc.o
                                                  bin/usart1.o
DMA_SetCurrDataCounter                            bin/stm32f10x_dma.o
DMA_StructInit                                    bin/stm32f10x_dma.o
DebugMon_Handler                                  bin/stm32f10x_it.o
Default_Handler                                   bin/startup_stm32f10x_ld.o
EXTI0_IRQHandler                                  bin/startup_stm32f10x_ld.o
EXTI15_10_IRQHandler                              bin/startup_stm32f10x_ld.o
EXTI1_IRQHandler                                  bin/startup_stm32f10x_ld.o
EXTI2_IRQHandler                                  bin/startup_stm32f10x_ld.o
EXTI3_IRQHandler                                  bin/startup_stm32f10x_ld.o
EXTI4_IRQHandler                                  bin/stm32f10x_it.o
EXTI9_5_IRQHandler                                bin/startup_stm32f10x_ld.o
EXTI_ClearFlag                                    bin/stm32f10x_exti.o
EXTI_ClearITPendingBit                            bin/stm32f10x_exti.o
                                                  bin/exti.o
EXTI_DeInit                                       bin/stm32f10x_exti.o
EXTI_GenerateSWInterrupt                          bin/stm32f10x_exti.o
EXTI_GetFlagStatus                                bin/stm32f10x_exti.o
EXTI_GetITStatus                                  bin/stm32f10x_exti.o
EXTI_Init                                         bin/stm32f10x_exti.o
                                                  bin/exti.o
EXTI_PE4_Config                                   bin/exti.o
EXTI_StructInit                                   bin/stm32f10x_exti.o
FLASH_ClearFlag                                   bin/stm32f10x_flash.o
FLASH_EnableWriteProtection                       bin/stm32f10x_flash.o
FLASH_EraseAllBank1Pages                          bin/stm32f10x_flash.o
FLASH_EraseAllPages                               bin/stm32f10x_flash.o
FLASH_EraseOptionBytes                            bin/stm32f10x_flash.o
FLASH_ErasePage                                   bin/stm32f10x_flash.o
FLASH_GetBank1Status                              bin/stm32f10x_flash.o
FLASH_GetFlagStatus                               bin/stm32f10x_flash.o
FLASH_GetPrefetchBufferStatus                     bin/stm32f10x_flash.o
FLASH_GetReadOutProtectionStatus                  bin/stm32f10x_flash.o
FLASH_GetStatus                                   bin/stm32f10x_flash.o
FLASH_GetUserOptionByte                           bin/stm32f10x_flash.o
FLASH_GetWriteProtectionOptionByte                bin/stm32f10x_flash.o
FLASH_HalfCycleAccessCmd                          bin/stm32f10x_flash.o
FLASH_IRQHandler                                  bin/startup_stm32f10x_ld.o
FLASH_ITConfig                                    bin/stm32f10x_flash.o
FLASH_Lock                                        bin/stm32f10x_flash.o
FLASH_LockBank1                                   bin/stm32f10x_flash.o
FLASH_PrefetchBufferCmd                           bin/stm32f10x_flash.o
FLASH_ProgramHalfWord                             bin/stm32f10x_flash.o
FLASH_ProgramOptionByteData                       bin/stm32f10x_flash.o
FLASH_ProgramWord                                 bin/stm32f10x_flash.o
FLASH_ReadOutProtection                           bin/stm32f10x_flash.o
FLASH_SetLatency                                  bin/stm32f10x_flash.o
FLASH_Unlock                                      bin/stm32f10x_flash.o
FLASH_UnlockBank1                                 bin/stm32f10x_flash.o
FLASH_UserOptionByteConfig                        bin/stm32f10x_flash.o
FLASH_WaitForLastBank1Operation                   bin/stm32f10x_flash.o
FLASH_WaitForLastOperation                        bin/stm32f10x_flash.o
FSMC_ClearFlag                                    bin/stm32f10x_fsmc.o
FSMC_ClearITPendingBit                            bin/stm32f10x_fsmc.o
FSMC_GetECC                                       bin/stm32f10x_fsmc.o
FSMC_GetFlagStatus                                bin/stm32f10x_fsmc.o
FSMC_GetITStatus                                  bin/stm32f10x_fsmc.o
FSMC_ITConfig                                     bin/stm32f10x_fsmc.o
FSMC_NANDCmd                                      bin/stm32f10x_fsmc.o
FSMC_NANDDeInit                                   bin/stm32f10x_fsmc.o
FSMC_NANDECCCmd                                   bin/stm32f10x_fsmc.o
FSMC_NANDInit                                     bin/stm32f10x_fsmc.o
FSMC_NANDStructInit                               bin/stm32f10x_fsmc.o
FSMC_NORSRAMCmd                                   bin/stm32f10x_fsmc.o
FSMC_NORSRAMDeInit                                bin/stm32f10x_fsmc.o
FSMC_NORSRAMInit                                  bin/stm32f10x_fsmc.o
FSMC_NORSRAMStructInit                            bin/stm32f10x_fsmc.o
FSMC_PCCARDCmd                                    bin/stm32f10x_fsmc.o
FSMC_PCCARDDeInit                                 bin/stm32f10x_fsmc.o
FSMC_PCCARDInit                                   bin/stm32f10x_fsmc.o
FSMC_PCCARDStructInit                             bin/stm32f10x_fsmc.o
GPIO_AFIODeInit                                   bin/stm32f10x_gpio.o
GPIO_DeInit                                       bin/stm32f10x_gpio.o
GPIO_ETH_MediaInterfaceConfig                     bin/stm32f10x_gpio.o
GPIO_EXTILineConfig                               bin/stm32f10x_gpio.o
                                                  bin/exti.o
GPIO_EventOutputCmd                               bin/stm32f10x_gpio.o
GPIO_EventOutputConfig                            bin/stm32f10x_gpio.o
GPIO_Init                                         bin/stm32f10x_gpio.o
                                                  bin/bsp_led_key.o
                                                  bin/I2C.o
                                                  bin/adc.o
                                                  bin/USART2.o
                                                  bin/GPIO.o
                                                  bin/PWM.o
                                                  bin/exti.o
                                                  bin/usart1.o
GPIO_InitStruct                                   bin/GPIO.o
GPIO_PinLockConfig                                bin/stm32f10x_gpio.o
GPIO_PinRemapConfig                               bin/stm32f10x_gpio.o
GPIO_ReadInputData                                bin/stm32f10x_gpio.o
GPIO_ReadInputDataBit                             bin/stm32f10x_gpio.o
                                                  bin/bsp_led_key.o
                                                  bin/GPIO.o
GPIO_ReadOutputData                               bin/stm32f10x_gpio.o
GPIO_ReadOutputDataBit                            bin/stm32f10x_gpio.o
GPIO_ResetBits                                    bin/stm32f10x_gpio.o
                                                  bin/bsp_led_key.o
                                                  bin/GPIO.o
GPIO_SetBits                                      bin/stm32f10x_gpio.o
                                                  bin/bsp_led_key.o
                                                  bin/GPIO.o
GPIO_StructInit                                   bin/stm32f10x_gpio.o
GPIO_Write                                        bin/stm32f10x_gpio.o
GPIO_WriteBit                                     bin/stm32f10x_gpio.o
HardFault_Handler                                 bin/stm32f10x_it.o
I2C1_ER_IRQHandler                                bin/startup_stm32f10x_ld.o
I2C1_EV_IRQHandler                                bin/startup_stm32f10x_ld.o
I2C_ARPCmd                                        bin/stm32f10x_i2c.o
I2C_AcknowledgeConfig                             bin/stm32f10x_i2c.o
                                                  bin/I2C.o
I2C_CalculatePEC                                  bin/stm32f10x_i2c.o
I2C_CheckEvent                                    bin/stm32f10x_i2c.o
                                                  bin/I2C.o
I2C_ClearFlag                                     bin/stm32f10x_i2c.o
I2C_ClearITPendingBit                             bin/stm32f10x_i2c.o
I2C_Cmd                                           bin/stm32f10x_i2c.o
                                                  bin/I2C.o
I2C_DMACmd                                        bin/stm32f10x_i2c.o
I2C_DMALastTransferCmd                            bin/stm32f10x_i2c.o
I2C_DeInit                                        bin/stm32f10x_i2c.o
I2C_DualAddressCmd                                bin/stm32f10x_i2c.o
I2C_FastModeDutyCycleConfig                       bin/stm32f10x_i2c.o
I2C_GeneralCallCmd                                bin/stm32f10x_i2c.o
I2C_GenerateSTART                                 bin/stm32f10x_i2c.o
                                                  bin/I2C.o
I2C_GenerateSTOP                                  bin/stm32f10x_i2c.o
                                                  bin/I2C.o
I2C_GetFlagStatus                                 bin/stm32f10x_i2c.o
                                                  bin/I2C.o
I2C_GetITStatus                                   bin/stm32f10x_i2c.o
I2C_GetLastEvent                                  bin/stm32f10x_i2c.o
I2C_GetPEC                                        bin/stm32f10x_i2c.o
I2C_ITConfig                                      bin/stm32f10x_i2c.o
I2C_Init                                          bin/stm32f10x_i2c.o
                                                  bin/I2C.o
I2C_NACKPositionConfig                            bin/stm32f10x_i2c.o
I2C_OwnAddress2Config                             bin/stm32f10x_i2c.o
I2C_PECPositionConfig                             bin/stm32f10x_i2c.o
I2C_ReadRegister                                  bin/stm32f10x_i2c.o
I2C_Read_Burst                                    bin/I2C.o
                                                  bin/MPU_9250.o
I2C_ReceiveData                                   bin/stm32f10x_i2c.o
                                                  bin/I2C.o
I2C_SMBusAlertConfig                              bin/stm32f10x_i2c.o
I2C_Send7bitAddress                               bin/stm32f10x_i2c.o
                                                  bin/I2C.o
I2C_SendData                                      bin/stm32f10x_i2c.o
                                                  bin/I2C.o
I2C_SoftwareResetCmd                              bin/stm32f10x_i2c.o
I2C_StretchClockCmd                               bin/stm32f10x_i2c.o
I2C_StructInit                                    bin/stm32f10x_i2c.o
I2C_TransmitPEC                                   bin/stm32f10x_i2c.o
I2C_Write                                         bin/I2C.o
                                                  bin/MPU_9250.o
I2C_read_ack                                      bin/I2C.o
I2C_read_nack                                     bin/I2C.o
I2C_start                                         bin/I2C.o
I2C_stop                                          bin/I2C.o
I2C_write                                         bin/I2C.o
I2S_Cmd                                           bin/stm32f10x_spi.o
I2S_Init                                          bin/stm32f10x_spi.o
I2S_StructInit                                    bin/stm32f10x_spi.o
IWDG_Enable                                       bin/stm32f10x_iwdg.o
IWDG_GetFlagStatus                                bin/stm32f10x_iwdg.o
IWDG_ReloadCounter                                bin/stm32f10x_iwdg.o
IWDG_SetPrescaler                                 bin/stm32f10x_iwdg.o
IWDG_SetReload                                    bin/stm32f10x_iwdg.o
IWDG_WriteAccessCmd                               bin/stm32f10x_iwdg.o
Init_I2C                                          bin/I2C.o
                                                  bin/MPU_9250.o
Init_MPU                                          bin/MPU_9250.o
KEY_GPIO_Config                                   bin/bsp_led_key.o
LEDA8                                             bin/bsp_led_key.o
LEDA9                                             bin/bsp_led_key.o
LEDE5                                             bin/bsp_led_key.o
LED_GPIO_Config                                   bin/bsp_led_key.o
MemManage_Handler                                 bin/stm32f10x_it.o
NMI_Handler                                       bin/stm32f10x_it.o
NVIC_Init                                         bin/misc.o
                                                  bin/USART2.o
                                                  bin/exti.o
NVIC_PriorityGroupConfig                          bin/misc.o
                                                  bin/USART2.o
                                                  bin/exti.o
NVIC_SetVectorTable                               bin/misc.o
NVIC_SystemLPConfig                               bin/misc.o
PVD_IRQHandler                                    bin/startup_stm32f10x_ld.o
PWR_BackupAccessCmd                               bin/stm32f10x_pwr.o
PWR_ClearFlag                                     bin/stm32f10x_pwr.o
PWR_DeInit                                        bin/stm32f10x_pwr.o
PWR_EnterSTANDBYMode                              bin/stm32f10x_pwr.o
PWR_EnterSTOPMode                                 bin/stm32f10x_pwr.o
PWR_GetFlagStatus                                 bin/stm32f10x_pwr.o
PWR_PVDCmd                                        bin/stm32f10x_pwr.o
PWR_PVDLevelConfig                                bin/stm32f10x_pwr.o
PWR_WakeUpPinCmd                                  bin/stm32f10x_pwr.o
PendSV_Handler                                    bin/stm32f10x_it.o
RCC_ADCCLKConfig                                  bin/stm32f10x_rcc.o
                                                  bin/adc.o
RCC_AHBPeriphClockCmd                             bin/stm32f10x_rcc.o
                                                  bin/adc.o
                                                  bin/usart1.o
RCC_APB1PeriphClockCmd                            bin/stm32f10x_rcc.o
                                                  bin/I2C.o
                                                  bin/USART2.o
                                                  bin/PWM.o
RCC_APB1PeriphResetCmd                            bin/stm32f10x_rcc.o
                                                  bin/stm32f10x_spi.o
                                                  bin/stm32f10x_cec.o
                                                  bin/stm32f10x_wwdg.o
                                                  bin/stm32f10x_tim.o
                                                  bin/stm32f10x_usart.o
                                                  bin/stm32f10x_i2c.o
                                                  bin/stm32f10x_pwr.o
                                                  bin/stm32f10x_can.o
                                                  bin/stm32f10x_dac.o
RCC_APB2PeriphClockCmd                            bin/stm32f10x_rcc.o
                                                  bin/bsp_led_key.o
                                                  bin/I2C.o
                                                  bin/adc.o
                                                  bin/USART2.o
                                                  bin/GPIO.o
                                                  bin/PWM.o
                                                  bin/exti.o
                                                  bin/usart1.o
RCC_APB2PeriphResetCmd                            bin/stm32f10x_rcc.o
                                                  bin/stm32f10x_gpio.o
                                                  bin/stm32f10x_spi.o
                                                  bin/stm32f10x_adc.o
                                                  bin/stm32f10x_tim.o
                                                  bin/stm32f10x_usart.o
RCC_AdjustHSICalibrationValue                     bin/stm32f10x_rcc.o
RCC_BackupResetCmd                                bin/stm32f10x_rcc.o
                                                  bin/stm32f10x_bkp.o
RCC_ClearFlag                                     bin/stm32f10x_rcc.o
RCC_ClearITPendingBit                             bin/stm32f10x_rcc.o
RCC_ClockSecuritySystemCmd                        bin/stm32f10x_rcc.o
RCC_DeInit                                        bin/stm32f10x_rcc.o
RCC_GetClocksFreq                                 bin/stm32f10x_rcc.o
                                                  bin/stm32f10x_spi.o
                                                  bin/stm32f10x_usart.o
                                                  bin/stm32f10x_i2c.o
RCC_GetFlagStatus                                 bin/stm32f10x_rcc.o
RCC_GetITStatus                                   bin/stm32f10x_rcc.o
RCC_GetSYSCLKSource                               bin/stm32f10x_rcc.o
RCC_HCLKConfig                                    bin/stm32f10x_rcc.o
RCC_HSEConfig                                     bin/stm32f10x_rcc.o
RCC_HSICmd                                        bin/stm32f10x_rcc.o
RCC_IRQHandler                                    bin/startup_stm32f10x_ld.o
RCC_ITConfig                                      bin/stm32f10x_rcc.o
RCC_LSEConfig                                     bin/stm32f10x_rcc.o
RCC_LSICmd                                        bin/stm32f10x_rcc.o
RCC_MCOConfig                                     bin/stm32f10x_rcc.o
RCC_PCLK1Config                                   bin/stm32f10x_rcc.o
RCC_PCLK2Config                                   bin/stm32f10x_rcc.o
RCC_PLLCmd                                        bin/stm32f10x_rcc.o
RCC_PLLConfig                                     bin/stm32f10x_rcc.o
RCC_RTCCLKCmd                                     bin/stm32f10x_rcc.o
RCC_RTCCLKConfig                                  bin/stm32f10x_rcc.o
RCC_SYSCLKConfig                                  bin/stm32f10x_rcc.o
RCC_USBCLKConfig                                  bin/stm32f10x_rcc.o
RCC_WaitForHSEStartUp                             bin/stm32f10x_rcc.o
RTCAlarm_IRQHandler                               bin/startup_stm32f10x_ld.o
RTC_ClearFlag                                     bin/stm32f10x_rtc.o
RTC_ClearITPendingBit                             bin/stm32f10x_rtc.o
RTC_EnterConfigMode                               bin/stm32f10x_rtc.o
RTC_ExitConfigMode                                bin/stm32f10x_rtc.o
RTC_GetCounter                                    bin/stm32f10x_rtc.o
RTC_GetDivider                                    bin/stm32f10x_rtc.o
RTC_GetFlagStatus                                 bin/stm32f10x_rtc.o
RTC_GetITStatus                                   bin/stm32f10x_rtc.o
RTC_IRQHandler                                    bin/startup_stm32f10x_ld.o
RTC_ITConfig                                      bin/stm32f10x_rtc.o
RTC_SetAlarm                                      bin/stm32f10x_rtc.o
RTC_SetCounter                                    bin/stm32f10x_rtc.o
RTC_SetPrescaler                                  bin/stm32f10x_rtc.o
RTC_WaitForLastTask                               bin/stm32f10x_rtc.o
RTC_WaitForSynchro                                bin/stm32f10x_rtc.o
Read_MPU_Data                                     bin/MPU_9250.o
Reset_Handler                                     bin/startup_stm32f10x_ld.o
SDIO_CEATAITCmd                                   bin/stm32f10x_sdio.o
SDIO_ClearFlag                                    bin/stm32f10x_sdio.o
SDIO_ClearITPendingBit                            bin/stm32f10x_sdio.o
SDIO_ClockCmd                                     bin/stm32f10x_sdio.o
SDIO_CmdStructInit                                bin/stm32f10x_sdio.o
SDIO_CommandCompletionCmd                         bin/stm32f10x_sdio.o
SDIO_DMACmd                                       bin/stm32f10x_sdio.o
SDIO_DataConfig                                   bin/stm32f10x_sdio.o
SDIO_DataStructInit                               bin/stm32f10x_sdio.o
SDIO_DeInit                                       bin/stm32f10x_sdio.o
SDIO_GetCommandResponse                           bin/stm32f10x_sdio.o
SDIO_GetDataCounter                               bin/stm32f10x_sdio.o
SDIO_GetFIFOCount                                 bin/stm32f10x_sdio.o
SDIO_GetFlagStatus                                bin/stm32f10x_sdio.o
SDIO_GetITStatus                                  bin/stm32f10x_sdio.o
SDIO_GetPowerState                                bin/stm32f10x_sdio.o
SDIO_GetResponse                                  bin/stm32f10x_sdio.o
SDIO_ITConfig                                     bin/stm32f10x_sdio.o
SDIO_Init                                         bin/stm32f10x_sdio.o
SDIO_ReadData                                     bin/stm32f10x_sdio.o
SDIO_SendCEATACmd                                 bin/stm32f10x_sdio.o
SDIO_SendCommand                                  bin/stm32f10x_sdio.o
SDIO_SendSDIOSuspendCmd                           bin/stm32f10x_sdio.o
SDIO_SetPowerState                                bin/stm32f10x_sdio.o
SDIO_SetSDIOOperation                             bin/stm32f10x_sdio.o
SDIO_SetSDIOReadWaitMode                          bin/stm32f10x_sdio.o
SDIO_StartSDIOReadWait                            bin/stm32f10x_sdio.o
SDIO_StopSDIOReadWait                             bin/stm32f10x_sdio.o
SDIO_StructInit                                   bin/stm32f10x_sdio.o
SDIO_WriteData                                    bin/stm32f10x_sdio.o
SPI1_IRQHandler                                   bin/startup_stm32f10x_ld.o
SPI_BiDirectionalLineConfig                       bin/stm32f10x_spi.o
SPI_CalculateCRC                                  bin/stm32f10x_spi.o
SPI_Cmd                                           bin/stm32f10x_spi.o
SPI_DataSizeConfig                                bin/stm32f10x_spi.o
SPI_GetCRC                                        bin/stm32f10x_spi.o
SPI_GetCRCPolynomial                              bin/stm32f10x_spi.o
SPI_I2S_ClearFlag                                 bin/stm32f10x_spi.o
SPI_I2S_ClearITPendingBit                         bin/stm32f10x_spi.o
SPI_I2S_DMACmd                                    bin/stm32f10x_spi.o
SPI_I2S_DeInit                                    bin/stm32f10x_spi.o
SPI_I2S_GetFlagStatus                             bin/stm32f10x_spi.o
SPI_I2S_GetITStatus                               bin/stm32f10x_spi.o
SPI_I2S_ITConfig                                  bin/stm32f10x_spi.o
SPI_I2S_ReceiveData                               bin/stm32f10x_spi.o
SPI_I2S_SendData                                  bin/stm32f10x_spi.o
SPI_Init                                          bin/stm32f10x_spi.o
SPI_NSSInternalSoftwareConfig                     bin/stm32f10x_spi.o
SPI_SSOutputCmd                                   bin/stm32f10x_spi.o
SPI_StructInit                                    bin/stm32f10x_spi.o
SPI_TransmitCRC                                   bin/stm32f10x_spi.o
SVC_Handler                                       bin/stm32f10x_it.o
SYSTick_10ms_increment                            bin/SYSTick.o
                                                  bin/stm32f10x_it.o
SYSTick_CheckTime                                 bin/SYSTick.o
SYSTick_Start                                     bin/SYSTick.o
SYSTick_Time                                      bin/SYSTick.o
SysTick_CLKSourceConfig                           bin/misc.o
SysTick_Handler                                   bin/stm32f10x_it.o
SystemCoreClock                                   bin/system_stm32f10x.o
SystemCoreClockUpdate                             bin/system_stm32f10x.o
SystemInit                                        bin/system_stm32f10x.o
                                                  bin/startup_stm32f10x_ld.o
TAMPER_IRQHandler                                 bin/startup_stm32f10x_ld.o
TIM1_BRK_IRQHandler                               bin/startup_stm32f10x_ld.o
TIM1_CC_IRQHandler                                bin/startup_stm32f10x_ld.o
TIM1_TRG_COM_IRQHandler                           bin/startup_stm32f10x_ld.o
TIM1_UP_IRQHandler                                bin/startup_stm32f10x_ld.o
TIM2_IRQHandler                                   bin/startup_stm32f10x_ld.o
TIM3_IRQHandler                                   bin/startup_stm32f10x_ld.o
TIM3_PWM_Init                                     bin/PWM.o
TIM_ARRPreloadConfig                              bin/stm32f10x_tim.o
                                                  bin/PWM.o
TIM_BDTRConfig                                    bin/stm32f10x_tim.o
TIM_BDTRStructInit                                bin/stm32f10x_tim.o
TIM_CCPreloadControl                              bin/stm32f10x_tim.o
TIM_CCxCmd                                        bin/stm32f10x_tim.o
TIM_CCxNCmd                                       bin/stm32f10x_tim.o
TIM_ClearFlag                                     bin/stm32f10x_tim.o
TIM_ClearITPendingBit                             bin/stm32f10x_tim.o
TIM_ClearOC1Ref                                   bin/stm32f10x_tim.o
TIM_ClearOC2Ref                                   bin/stm32f10x_tim.o
TIM_ClearOC3Ref                                   bin/stm32f10x_tim.o
TIM_ClearOC4Ref                                   bin/stm32f10x_tim.o
TIM_Cmd                                           bin/stm32f10x_tim.o
                                                  bin/PWM.o
TIM_CounterModeConfig                             bin/stm32f10x_tim.o
TIM_CtrlPWMOutputs                                bin/stm32f10x_tim.o
TIM_DMACmd                                        bin/stm32f10x_tim.o
TIM_DMAConfig                                     bin/stm32f10x_tim.o
TIM_DeInit                                        bin/stm32f10x_tim.o
TIM_ETRClockMode1Config                           bin/stm32f10x_tim.o
TIM_ETRClockMode2Config                           bin/stm32f10x_tim.o
TIM_ETRConfig                                     bin/stm32f10x_tim.o
TIM_EncoderInterfaceConfig                        bin/stm32f10x_tim.o
TIM_ForcedOC1Config                               bin/stm32f10x_tim.o
TIM_ForcedOC2Config                               bin/stm32f10x_tim.o
TIM_ForcedOC3Config                               bin/stm32f10x_tim.o
TIM_ForcedOC4Config                               bin/stm32f10x_tim.o
TIM_GenerateEvent                                 bin/stm32f10x_tim.o
TIM_GetCapture1                                   bin/stm32f10x_tim.o
TIM_GetCapture2                                   bin/stm32f10x_tim.o
TIM_GetCapture3                                   bin/stm32f10x_tim.o
TIM_GetCapture4                                   bin/stm32f10x_tim.o
TIM_GetCounter                                    bin/stm32f10x_tim.o
TIM_GetFlagStatus                                 bin/stm32f10x_tim.o
TIM_GetITStatus                                   bin/stm32f10x_tim.o
TIM_GetPrescaler                                  bin/stm32f10x_tim.o
TIM_ICInit                                        bin/stm32f10x_tim.o
TIM_ICStructInit                                  bin/stm32f10x_tim.o
TIM_ITConfig                                      bin/stm32f10x_tim.o
TIM_ITRxExternalClockConfig                       bin/stm32f10x_tim.o
TIM_InternalClockConfig                           bin/stm32f10x_tim.o
TIM_OC1FastConfig                                 bin/stm32f10x_tim.o
TIM_OC1Init                                       bin/stm32f10x_tim.o
                                                  bin/PWM.o
TIM_OC1NPolarityConfig                            bin/stm32f10x_tim.o
TIM_OC1PolarityConfig                             bin/stm32f10x_tim.o
TIM_OC1PreloadConfig                              bin/stm32f10x_tim.o
                                                  bin/PWM.o
TIM_OC2FastConfig                                 bin/stm32f10x_tim.o
TIM_OC2Init                                       bin/stm32f10x_tim.o
TIM_OC2NPolarityConfig                            bin/stm32f10x_tim.o
TIM_OC2PolarityConfig                             bin/stm32f10x_tim.o
TIM_OC2PreloadConfig                              bin/stm32f10x_tim.o
TIM_OC3FastConfig                                 bin/stm32f10x_tim.o
TIM_OC3Init                                       bin/stm32f10x_tim.o
TIM_OC3NPolarityConfig                            bin/stm32f10x_tim.o
TIM_OC3PolarityConfig                             bin/stm32f10x_tim.o
TIM_OC3PreloadConfig                              bin/stm32f10x_tim.o
TIM_OC4FastConfig                                 bin/stm32f10x_tim.o
TIM_OC4Init                                       bin/stm32f10x_tim.o
TIM_OC4PolarityConfig                             bin/stm32f10x_tim.o
TIM_OC4PreloadConfig                              bin/stm32f10x_tim.o
TIM_OCStructInit                                  bin/stm32f10x_tim.o
TIM_PWMIConfig                                    bin/stm32f10x_tim.o
TIM_PrescalerConfig                               bin/stm32f10x_tim.o
TIM_SelectCCDMA                                   bin/stm32f10x_tim.o
TIM_SelectCOM                                     bin/stm32f10x_tim.o
TIM_SelectHallSensor                              bin/stm32f10x_tim.o
TIM_SelectInputTrigger                            bin/stm32f10x_tim.o
TIM_SelectMasterSlaveMode                         bin/stm32f10x_tim.o
TIM_SelectOCxM                                    bin/stm32f10x_tim.o
TIM_SelectOnePulseMode                            bin/stm32f10x_tim.o
TIM_SelectOutputTrigger                           bin/stm32f10x_tim.o
TIM_SelectSlaveMode                               bin/stm32f10x_tim.o
TIM_SetAutoreload                                 bin/stm32f10x_tim.o
TIM_SetClockDivision                              bin/stm32f10x_tim.o
TIM_SetCompare1                                   bin/stm32f10x_tim.o
TIM_SetCompare2                                   bin/stm32f10x_tim.o
TIM_SetCompare3                                   bin/stm32f10x_tim.o
TIM_SetCompare4                                   bin/stm32f10x_tim.o
TIM_SetCounter                                    bin/stm32f10x_tim.o
TIM_SetIC1Prescaler                               bin/stm32f10x_tim.o
TIM_SetIC2Prescaler                               bin/stm32f10x_tim.o
TIM_SetIC3Prescaler                               bin/stm32f10x_tim.o
TIM_SetIC4Prescaler                               bin/stm32f10x_tim.o
TIM_TIxExternalClockConfig                        bin/stm32f10x_tim.o
TIM_TimeBaseInit                                  bin/stm32f10x_tim.o
                                                  bin/PWM.o
TIM_TimeBaseStructInit                            bin/stm32f10x_tim.o
TIM_UpdateDisableConfig                           bin/stm32f10x_tim.o
TIM_UpdateRequestConfig                           bin/stm32f10x_tim.o
USART1_DMA_config                                 bin/usart1.o
USART1_IRQHandler                                 bin/stm32f10x_it.o
USART1_PutChar                                    bin/usart1.o
USART1_PutString                                  bin/usart1.o
USART1_config                                     bin/usart1.o
USART2_Buff                                       bin/USART2.o
USART2_Config_Buffer                              bin/USART2.o
USART2_Get_Buffer                                 bin/USART2.o
USART2_IRQHandler                                 bin/stm32f10x_it.o
USART2_PutChar                                    bin/USART2.o
USART2_PutString                                  bin/USART2.o
USART2_Put_Buffer                                 bin/USART2.o
                                                  bin/stm32f10x_it.o
USART_ClearFlag                                   bin/stm32f10x_usart.o
                                                  bin/stm32f10x_it.o
USART_ClearITPendingBit                           bin/stm32f10x_usart.o
USART_ClockInit                                   bin/stm32f10x_usart.o
USART_ClockStructInit                             bin/stm32f10x_usart.o
USART_Cmd                                         bin/stm32f10x_usart.o
                                                  bin/USART2.o
                                                  bin/usart1.o
USART_DMACmd                                      bin/stm32f10x_usart.o
                                                  bin/usart1.o
USART_DeInit                                      bin/stm32f10x_usart.o
USART_GetFlagStatus                               bin/stm32f10x_usart.o
                                                  bin/USART2.o
                                                  bin/usart1.o
USART_GetITStatus                                 bin/stm32f10x_usart.o
                                                  bin/stm32f10x_it.o
USART_HalfDuplexCmd                               bin/stm32f10x_usart.o
USART_ITConfig                                    bin/stm32f10x_usart.o
                                                  bin/USART2.o
USART_Init                                        bin/stm32f10x_usart.o
                                                  bin/USART2.o
                                                  bin/usart1.o
USART_IrDACmd                                     bin/stm32f10x_usart.o
USART_IrDAConfig                                  bin/stm32f10x_usart.o
USART_LINBreakDetectLengthConfig                  bin/stm32f10x_usart.o
USART_LINCmd                                      bin/stm32f10x_usart.o
USART_OneBitMethodCmd                             bin/stm32f10x_usart.o
USART_OverSampling8Cmd                            bin/stm32f10x_usart.o
USART_ReceiveData                                 bin/stm32f10x_usart.o
                                                  bin/stm32f10x_it.o
                                                  bin/usart1.o
USART_ReceiverWakeUpCmd                           bin/stm32f10x_usart.o
USART_SendBreak                                   bin/stm32f10x_usart.o
USART_SendData                                    bin/stm32f10x_usart.o
                                                  bin/USART2.o
                                                  bin/usart1.o
USART_SetAddress                                  bin/stm32f10x_usart.o
USART_SetGuardTime                                bin/stm32f10x_usart.o
USART_SetPrescaler                                bin/stm32f10x_usart.o
USART_SmartCardCmd                                bin/stm32f10x_usart.o
USART_SmartCardNACKCmd                            bin/stm32f10x_usart.o
USART_StructInit                                  bin/stm32f10x_usart.o
USART_WakeUpConfig                                bin/stm32f10x_usart.o
USBWakeUp_IRQHandler                              bin/startup_stm32f10x_ld.o
USB_HP_CAN1_TX_IRQHandler                         bin/startup_stm32f10x_ld.o
USB_LP_CAN1_RX0_IRQHandler                        bin/startup_stm32f10x_ld.o
Update_Acc                                        bin/MPU_9250.o
Update_All                                        bin/MPU_9250.o
Update_Gro                                        bin/MPU_9250.o
Update_Mgm                                        bin/MPU_9250.o
Update_Tmp                                        bin/MPU_9250.o
UsageFault_Handler                                bin/stm32f10x_it.o
WWDG_ClearFlag                                    bin/stm32f10x_wwdg.o
WWDG_DeInit                                       bin/stm32f10x_wwdg.o
WWDG_Enable                                       bin/stm32f10x_wwdg.o
WWDG_EnableIT                                     bin/stm32f10x_wwdg.o
WWDG_GetFlagStatus                                bin/stm32f10x_wwdg.o
WWDG_IRQHandler                                   bin/startup_stm32f10x_ld.o
WWDG_SetCounter                                   bin/stm32f10x_wwdg.o
WWDG_SetPrescaler                                 bin/stm32f10x_wwdg.o
WWDG_SetWindowValue                               bin/stm32f10x_wwdg.o
__adddf3                                          /root/ARM_gcc/gcc-arm-none-eabi/bin/../lib/gcc/arm-none-eabi/10.2.1/thumb/v7-m/nofp/libgcc.a(_arm_addsubdf3.o)
__addsf3                                          /root/ARM_gcc/gcc-arm-none-eabi/bin/../lib/gcc/arm-none-eabi/10.2.1/thumb/v7-m/nofp/libgcc.a(_arm_addsubsf3.o)
__aeabi_d2f                                       /root/ARM_gcc/gcc-arm-none-eabi/bin/../lib/gcc/arm-none-eabi/10.2.1/thumb/v7-m/nofp/libgcc.a(_arm_truncdfsf2.o)
                                                  bin/MPU_9250.o
__aeabi_dadd                                      /root/ARM_gcc/gcc-arm-none-eabi/bin/../lib/gcc/arm-none-eabi/10.2.1/thumb/v7-m/nofp/libgcc.a(_arm_addsubdf3.o)
__aeabi_dmul                                      /root/ARM_gcc/gcc-arm-none-eabi/bin/../lib/gcc/arm-none-eabi/10.2.1/thumb/v7-m/nofp/libgcc.a(_arm_muldf3.o)
                                                  bin/MPU_9250.o
__aeabi_drsub                                     /root/ARM_gcc/gcc-arm-none-eabi/bin/../lib/gcc/arm-none-eabi/10.2.1/thumb/v7-m/nofp/libgcc.a(_arm_addsubdf3.o)
__aeabi_dsub                                      /root/ARM_gcc/gcc-arm-none-eabi/bin/../lib/gcc/arm-none-eabi/10.2.1/thumb/v7-m/nofp/libgcc.a(_arm_addsubdf3.o)
__aeabi_f2d                                       /root/ARM_gcc/gcc-arm-none-eabi/bin/../lib/gcc/arm-none-eabi/10.2.1/thumb/v7-m/nofp/libgcc.a(_arm_addsubdf3.o)
                                                  bin/MPU_9250.o
__aeabi_fadd                                      /root/ARM_gcc/gcc-arm-none-eabi/bin/../lib/gcc/arm-none-eabi/10.2.1/thumb/v7-m/nofp/libgcc.a(_arm_addsubsf3.o)
                                                  bin/MPU_9250.o
__aeabi_fdiv                                      /root/ARM_gcc/gcc-arm-none-eabi/bin/../lib/gcc/arm-none-eabi/10.2.1/thumb/v7-m/nofp/libgcc.a(_arm_muldivsf3.o)
                                                  bin/MPU_9250.o
__aeabi_fmul                                      /root/ARM_gcc/gcc-arm-none-eabi/bin/../lib/gcc/arm-none-eabi/10.2.1/thumb/v7-m/nofp/libgcc.a(_arm_muldivsf3.o)
__aeabi_frsub                                     /root/ARM_gcc/gcc-arm-none-eabi/bin/../lib/gcc/arm-none-eabi/10.2.1/thumb/v7-m/nofp/libgcc.a(_arm_addsubsf3.o)
__aeabi_fsub                                      /root/ARM_gcc/gcc-arm-none-eabi/bin/../lib/gcc/arm-none-eabi/10.2.1/thumb/v7-m/nofp/libgcc.a(_arm_addsubsf3.o)
__aeabi_i2d                                       /root/ARM_gcc/gcc-arm-none-eabi/bin/../lib/gcc/arm-none-eabi/10.2.1/thumb/v7-m/nofp/libgcc.a(_arm_addsubdf3.o)
__aeabi_i2f                                       /root/ARM_gcc/gcc-arm-none-eabi/bin/../lib/gcc/arm-none-eabi/10.2.1/thumb/v7-m/nofp/libgcc.a(_arm_addsubsf3.o)
                                                  bin/MPU_9250.o
__aeabi_l2d                                       /root/ARM_gcc/gcc-arm-none-eabi/bin/../lib/gcc/arm-none-eabi/10.2.1/thumb/v7-m/nofp/libgcc.a(_arm_addsubdf3.o)
__aeabi_l2f                                       /root/ARM_gcc/gcc-arm-none-eabi/bin/../lib/gcc/arm-none-eabi/10.2.1/thumb/v7-m/nofp/libgcc.a(_arm_addsubsf3.o)
__aeabi_ui2d                                      /root/ARM_gcc/gcc-arm-none-eabi/bin/../lib/gcc/arm-none-eabi/10.2.1/thumb/v7-m/nofp/libgcc.a(_arm_addsubdf3.o)
__aeabi_ui2f                                      /root/ARM_gcc/gcc-arm-none-eabi/bin/../lib/gcc/arm-none-eabi/10.2.1/thumb/v7-m/nofp/libgcc.a(_arm_addsubsf3.o)
__aeabi_ul2d                                      /root/ARM_gcc/gcc-arm-none-eabi/bin/../lib/gcc/arm-none-eabi/10.2.1/thumb/v7-m/nofp/libgcc.a(_arm_addsubdf3.o)
__aeabi_ul2f                                      /root/ARM_gcc/gcc-arm-none-eabi/bin/../lib/gcc/arm-none-eabi/10.2.1/thumb/v7-m/nofp/libgcc.a(_arm_addsubsf3.o)
__atexit_recursive_mutex                          /root/ARM_gcc/gcc-arm-none-eabi/bin/../lib/gcc/arm-none-eabi/10.2.1/../../../../arm-none-eabi/lib/thumb/v7-m/nofp/libc.a(lib_a-__call_atexit.o)
                                                  /root/ARM_gcc/gcc-arm-none-eabi/bin/../lib/gcc/arm-none-eabi/10.2.1/../../../../arm-none-eabi/lib/thumb/v7-m/nofp/libc.a(lib_a-__atexit.o)
__bss_end__                                       /root/ARM_gcc/gcc-arm-none-eabi/bin/../lib/gcc/arm-none-eabi/10.2.1/../../../../arm-none-eabi/lib/thumb/v7-m/nofp/crt0.o
__bss_start__                                     /root/ARM_gcc/gcc-arm-none-eabi/bin/../lib/gcc/arm-none-eabi/10.2.1/../../../../arm-none-eabi/lib/thumb/v7-m/nofp/crt0.o
__call_exitprocs                                  /root/ARM_gcc/gcc-arm-none-eabi/bin/../lib/gcc/arm-none-eabi/10.2.1/../../../../arm-none-eabi/lib/thumb/v7-m/nofp/libc.a(lib_a-__call_atexit.o)
                                                  /root/ARM_gcc/gcc-arm-none-eabi/bin/../lib/gcc/arm-none-eabi/10.2.1/../../../../arm-none-eabi/lib/thumb/v7-m/nofp/libc.a(lib_a-exit.o)
__deregister_frame_info                           /root/ARM_gcc/gcc-arm-none-eabi/bin/../lib/gcc/arm-none-eabi/10.2.1/thumb/v7-m/nofp/crtbegin.o
__divsf3                                          /root/ARM_gcc/gcc-arm-none-eabi/bin/../lib/gcc/arm-none-eabi/10.2.1/thumb/v7-m/nofp/libgcc.a(_arm_muldivsf3.o)
__dso_handle                                      /root/ARM_gcc/gcc-arm-none-eabi/bin/../lib/gcc/arm-none-eabi/10.2.1/thumb/v7-m/nofp/crtbegin.o
__extendsfdf2                                     /root/ARM_gcc/gcc-arm-none-eabi/bin/../lib/gcc/arm-none-eabi/10.2.1/thumb/v7-m/nofp/libgcc.a(_arm_addsubdf3.o)
__fini_array_end                                  /root/ARM_gcc/gcc-arm-none-eabi/bin/../lib/gcc/arm-none-eabi/10.2.1/../../../../arm-none-eabi/lib/thumb/v7-m/nofp/libc.a(lib_a-fini.o)
__fini_array_start                                /root/ARM_gcc/gcc-arm-none-eabi/bin/../lib/gcc/arm-none-eabi/10.2.1/../../../../arm-none-eabi/lib/thumb/v7-m/nofp/libc.a(lib_a-fini.o)
__floatdidf                                       /root/ARM_gcc/gcc-arm-none-eabi/bin/../lib/gcc/arm-none-eabi/10.2.1/thumb/v7-m/nofp/libgcc.a(_arm_addsubdf3.o)
__floatdisf                                       /root/ARM_gcc/gcc-arm-none-eabi/bin/../lib/gcc/arm-none-eabi/10.2.1/thumb/v7-m/nofp/libgcc.a(_arm_addsubsf3.o)
__floatsidf                                       /root/ARM_gcc/gcc-arm-none-eabi/bin/../lib/gcc/arm-none-eabi/10.2.1/thumb/v7-m/nofp/libgcc.a(_arm_addsubdf3.o)
__floatsisf                                       /root/ARM_gcc/gcc-arm-none-eabi/bin/../lib/gcc/arm-none-eabi/10.2.1/thumb/v7-m/nofp/libgcc.a(_arm_addsubsf3.o)
__floatundidf                                     /root/ARM_gcc/gcc-arm-none-eabi/bin/../lib/gcc/arm-none-eabi/10.2.1/thumb/v7-m/nofp/libgcc.a(_arm_addsubdf3.o)